Archive member included because of file (symbol)

.\CortexM0\ARM_GCC_493\Debug\RealFinal.a(cyfitter_cfg.o)
                              .\CortexM0\ARM_GCC_493\Debug\Cm0Start.o (cyfitter_cfg)
.\CortexM0\ARM_GCC_493\Debug\RealFinal.a(PWM_1.o)
                              .\CortexM0\ARM_GCC_493\Debug\main.o (PWM_1_Enable)
.\CortexM0\ARM_GCC_493\Debug\RealFinal.a(CyBootAsmGnu.o)
                              .\CortexM0\ARM_GCC_493\Debug\RealFinal.a(cyfitter_cfg.o) (CyDelayCycles)
.\CortexM0\ARM_GCC_493\Debug\RealFinal.a(CyLib.o)
                              .\CortexM0\ARM_GCC_493\Debug\RealFinal.a(cyfitter_cfg.o) (CySysClkWriteImoFreq)
.\CortexM0\ARM_GCC_493\Debug\RealFinal.a(CyLFClk.o)
                              .\CortexM0\ARM_GCC_493\Debug\RealFinal.a(cyfitter_cfg.o) (CySysClkWcoStart)
.\CortexM0\ARM_GCC_493\Debug\RealFinal.a(Servo_En_1.o)
                              .\CortexM0\ARM_GCC_493\Debug\main.o (Servo_En_1_Write)
.\CortexM0\ARM_GCC_493\Debug\RealFinal.a(Servo_En_2.o)
                              .\CortexM0\ARM_GCC_493\Debug\main.o (Servo_En_2_Write)
.\CortexM0\ARM_GCC_493\Debug\RealFinal.a(LED_3.o)
                              .\CortexM0\ARM_GCC_493\Debug\main.o (LED_3_Write)
.\CortexM0\ARM_GCC_493\Debug\RealFinal.a(LED_2.o)
                              .\CortexM0\ARM_GCC_493\Debug\main.o (LED_2_Write)
.\CortexM0\ARM_GCC_493\Debug\RealFinal.a(LED_1.o)
                              .\CortexM0\ARM_GCC_493\Debug\main.o (LED_1_Write)
.\CortexM0\ARM_GCC_493\Debug\RealFinal.a(Countdown.o)
                              .\CortexM0\ARM_GCC_493\Debug\main.o (Countdown_Start)
.\CortexM0\ARM_GCC_493\Debug\RealFinal.a(timer_interrupt.o)
                              .\CortexM0\ARM_GCC_493\Debug\main.o (timer_interrupt_StartEx)
c:/program files (x86)/cypress/psoc creator/3.3/psoc creator/import/gnu/arm/4.9.3/bin/../lib/gcc/arm-none-eabi/4.9.3/armv6-m\libgcc.a(_udivsi3.o)
                              .\CortexM0\ARM_GCC_493\Debug\RealFinal.a(CyLib.o) (__aeabi_uidiv)
c:/program files (x86)/cypress/psoc creator/3.3/psoc creator/import/gnu/arm/4.9.3/bin/../lib/gcc/arm-none-eabi/4.9.3/armv6-m\libgcc.a(_divsi3.o)
                              .\CortexM0\ARM_GCC_493\Debug\RealFinal.a(CyLFClk.o) (__aeabi_idiv)
c:/program files (x86)/cypress/psoc creator/3.3/psoc creator/import/gnu/arm/4.9.3/bin/../lib/gcc/arm-none-eabi/4.9.3/armv6-m\libgcc.a(_dvmd_tls.o)
                              c:/program files (x86)/cypress/psoc creator/3.3/psoc creator/import/gnu/arm/4.9.3/bin/../lib/gcc/arm-none-eabi/4.9.3/armv6-m\libgcc.a(_udivsi3.o) (__aeabi_idiv0)
c:/program files (x86)/cypress/psoc creator/3.3/psoc creator/import/gnu/arm/4.9.3/bin/../lib/gcc/arm-none-eabi/4.9.3/armv6-m\libgcc.a(_fixunsdfsi.o)
                              .\CortexM0\ARM_GCC_493\Debug\main.o (__aeabi_d2uiz)
c:/program files (x86)/cypress/psoc creator/3.3/psoc creator/import/gnu/arm/4.9.3/bin/../lib/gcc/arm-none-eabi/4.9.3/armv6-m\libgcc.a(adddf3.o)
                              .\CortexM0\ARM_GCC_493\Debug\main.o (__aeabi_dadd)
c:/program files (x86)/cypress/psoc creator/3.3/psoc creator/import/gnu/arm/4.9.3/bin/../lib/gcc/arm-none-eabi/4.9.3/armv6-m\libgcc.a(divdf3.o)
                              .\CortexM0\ARM_GCC_493\Debug\main.o (__aeabi_ddiv)
c:/program files (x86)/cypress/psoc creator/3.3/psoc creator/import/gnu/arm/4.9.3/bin/../lib/gcc/arm-none-eabi/4.9.3/armv6-m\libgcc.a(muldf3.o)
                              .\CortexM0\ARM_GCC_493\Debug\main.o (__aeabi_dmul)
c:/program files (x86)/cypress/psoc creator/3.3/psoc creator/import/gnu/arm/4.9.3/bin/../lib/gcc/arm-none-eabi/4.9.3/armv6-m\libgcc.a(subdf3.o)
                              c:/program files (x86)/cypress/psoc creator/3.3/psoc creator/import/gnu/arm/4.9.3/bin/../lib/gcc/arm-none-eabi/4.9.3/armv6-m\libgcc.a(_fixunsdfsi.o) (__aeabi_dsub)
c:/program files (x86)/cypress/psoc creator/3.3/psoc creator/import/gnu/arm/4.9.3/bin/../lib/gcc/arm-none-eabi/4.9.3/armv6-m\libgcc.a(fixdfsi.o)
                              c:/program files (x86)/cypress/psoc creator/3.3/psoc creator/import/gnu/arm/4.9.3/bin/../lib/gcc/arm-none-eabi/4.9.3/armv6-m\libgcc.a(_fixunsdfsi.o) (__aeabi_d2iz)
c:/program files (x86)/cypress/psoc creator/3.3/psoc creator/import/gnu/arm/4.9.3/bin/../lib/gcc/arm-none-eabi/4.9.3/armv6-m\libgcc.a(floatsidf.o)
                              .\CortexM0\ARM_GCC_493\Debug\main.o (__aeabi_i2d)
c:/program files (x86)/cypress/psoc creator/3.3/psoc creator/import/gnu/arm/4.9.3/bin/../lib/gcc/arm-none-eabi/4.9.3/armv6-m\libgcc.a(_arm_cmpdf2.o)
                              c:/program files (x86)/cypress/psoc creator/3.3/psoc creator/import/gnu/arm/4.9.3/bin/../lib/gcc/arm-none-eabi/4.9.3/armv6-m\libgcc.a(_fixunsdfsi.o) (__aeabi_dcmpge)
c:/program files (x86)/cypress/psoc creator/3.3/psoc creator/import/gnu/arm/4.9.3/bin/../lib/gcc/arm-none-eabi/4.9.3/armv6-m\libgcc.a(_clzsi2.o)
                              c:/program files (x86)/cypress/psoc creator/3.3/psoc creator/import/gnu/arm/4.9.3/bin/../lib/gcc/arm-none-eabi/4.9.3/armv6-m\libgcc.a(adddf3.o) (__clzsi2)
c:/program files (x86)/cypress/psoc creator/3.3/psoc creator/import/gnu/arm/4.9.3/bin/../lib/gcc/arm-none-eabi/4.9.3/armv6-m\libgcc.a(eqdf2.o)
                              c:/program files (x86)/cypress/psoc creator/3.3/psoc creator/import/gnu/arm/4.9.3/bin/../lib/gcc/arm-none-eabi/4.9.3/armv6-m\libgcc.a(_arm_cmpdf2.o) (__eqdf2)
c:/program files (x86)/cypress/psoc creator/3.3/psoc creator/import/gnu/arm/4.9.3/bin/../lib/gcc/arm-none-eabi/4.9.3/armv6-m\libgcc.a(gedf2.o)
                              c:/program files (x86)/cypress/psoc creator/3.3/psoc creator/import/gnu/arm/4.9.3/bin/../lib/gcc/arm-none-eabi/4.9.3/armv6-m\libgcc.a(_arm_cmpdf2.o) (__gedf2)
c:/program files (x86)/cypress/psoc creator/3.3/psoc creator/import/gnu/arm/4.9.3/bin/../lib/gcc/arm-none-eabi/4.9.3/armv6-m\libgcc.a(ledf2.o)
                              c:/program files (x86)/cypress/psoc creator/3.3/psoc creator/import/gnu/arm/4.9.3/bin/../lib/gcc/arm-none-eabi/4.9.3/armv6-m\libgcc.a(_arm_cmpdf2.o) (__ledf2)
c:/program files (x86)/cypress/psoc creator/3.3/psoc creator/import/gnu/arm/4.9.3/bin/../lib/gcc/arm-none-eabi/4.9.3/../../../../arm-none-eabi/lib/armv6-m\libg_nano.a(lib_a-errno.o)
                              .\CortexM0\ARM_GCC_493\Debug\Cm0Start.o (__errno)
c:/program files (x86)/cypress/psoc creator/3.3/psoc creator/import/gnu/arm/4.9.3/bin/../lib/gcc/arm-none-eabi/4.9.3/../../../../arm-none-eabi/lib/armv6-m\libg_nano.a(lib_a-exit.o)
                              c:/program files (x86)/cypress/psoc creator/3.3/psoc creator/import/gnu/arm/4.9.3/bin/../lib/gcc/arm-none-eabi/4.9.3/../../../../arm-none-eabi/lib/armv6-m/crt0.o (exit)
c:/program files (x86)/cypress/psoc creator/3.3/psoc creator/import/gnu/arm/4.9.3/bin/../lib/gcc/arm-none-eabi/4.9.3/../../../../arm-none-eabi/lib/armv6-m\libg_nano.a(lib_a-impure.o)
                              c:/program files (x86)/cypress/psoc creator/3.3/psoc creator/import/gnu/arm/4.9.3/bin/../lib/gcc/arm-none-eabi/4.9.3/../../../../arm-none-eabi/lib/armv6-m\libg_nano.a(lib_a-exit.o) (_global_impure_ptr)
c:/program files (x86)/cypress/psoc creator/3.3/psoc creator/import/gnu/arm/4.9.3/bin/../lib/gcc/arm-none-eabi/4.9.3/../../../../arm-none-eabi/lib/armv6-m\libg_nano.a(lib_a-init.o)
                              c:/program files (x86)/cypress/psoc creator/3.3/psoc creator/import/gnu/arm/4.9.3/bin/../lib/gcc/arm-none-eabi/4.9.3/../../../../arm-none-eabi/lib/armv6-m/crt0.o (__libc_init_array)
c:/program files (x86)/cypress/psoc creator/3.3/psoc creator/import/gnu/arm/4.9.3/bin/../lib/gcc/arm-none-eabi/4.9.3/../../../../arm-none-eabi/lib/armv6-m\libg_nano.a(lib_a-memset.o)
                              c:/program files (x86)/cypress/psoc creator/3.3/psoc creator/import/gnu/arm/4.9.3/bin/../lib/gcc/arm-none-eabi/4.9.3/../../../../arm-none-eabi/lib/armv6-m/crt0.o (memset)

Allocating common symbols
Common symbol       size              file

dumb_placeholder    0x4               .\CortexM0\ARM_GCC_493\Debug\main.o

Discarded input sections

 .text          0x00000000        0x0 c:/program files (x86)/cypress/psoc creator/3.3/psoc creator/import/gnu/arm/4.9.3/bin/../lib/gcc/arm-none-eabi/4.9.3/armv6-m/crti.o
 .data          0x00000000        0x0 c:/program files (x86)/cypress/psoc creator/3.3/psoc creator/import/gnu/arm/4.9.3/bin/../lib/gcc/arm-none-eabi/4.9.3/armv6-m/crti.o
 .bss           0x00000000        0x0 c:/program files (x86)/cypress/psoc creator/3.3/psoc creator/import/gnu/arm/4.9.3/bin/../lib/gcc/arm-none-eabi/4.9.3/armv6-m/crti.o
 .data          0x00000000        0x4 c:/program files (x86)/cypress/psoc creator/3.3/psoc creator/import/gnu/arm/4.9.3/bin/../lib/gcc/arm-none-eabi/4.9.3/armv6-m/crtbegin.o
 .text          0x00000000       0x78 c:/program files (x86)/cypress/psoc creator/3.3/psoc creator/import/gnu/arm/4.9.3/bin/../lib/gcc/arm-none-eabi/4.9.3/../../../../arm-none-eabi/lib/armv6-m/crt0.o
 .data          0x00000000        0x0 c:/program files (x86)/cypress/psoc creator/3.3/psoc creator/import/gnu/arm/4.9.3/bin/../lib/gcc/arm-none-eabi/4.9.3/../../../../arm-none-eabi/lib/armv6-m/crt0.o
 .bss           0x00000000        0x0 c:/program files (x86)/cypress/psoc creator/3.3/psoc creator/import/gnu/arm/4.9.3/bin/../lib/gcc/arm-none-eabi/4.9.3/../../../../arm-none-eabi/lib/armv6-m/crt0.o
 .ARM.extab     0x00000000        0x0 c:/program files (x86)/cypress/psoc creator/3.3/psoc creator/import/gnu/arm/4.9.3/bin/../lib/gcc/arm-none-eabi/4.9.3/../../../../arm-none-eabi/lib/armv6-m/crt0.o
 .ARM.exidx     0x00000000        0x8 c:/program files (x86)/cypress/psoc creator/3.3/psoc creator/import/gnu/arm/4.9.3/bin/../lib/gcc/arm-none-eabi/4.9.3/../../../../arm-none-eabi/lib/armv6-m/crt0.o
 .text          0x00000000        0x0 .\CortexM0\ARM_GCC_493\Debug\main.o
 .text          0x00000000        0x0 .\CortexM0\ARM_GCC_493\Debug\cymetadata.o
 .data          0x00000000        0x0 .\CortexM0\ARM_GCC_493\Debug\cymetadata.o
 .bss           0x00000000        0x0 .\CortexM0\ARM_GCC_493\Debug\cymetadata.o
 .text          0x00000000        0x0 .\CortexM0\ARM_GCC_493\Debug\Cm0Start.o
 .data          0x00000000        0x4 .\CortexM0\ARM_GCC_493\Debug\Cm0Start.o
 .bss           0x00000000        0x0 .\CortexM0\ARM_GCC_493\Debug\Cm0Start.o
 .text._exit    0x00000000        0xc .\CortexM0\ARM_GCC_493\Debug\Cm0Start.o
 .text._sbrk    0x00000000       0x30 .\CortexM0\ARM_GCC_493\Debug\Cm0Start.o
 .text          0x00000000        0x0 .\CortexM0\ARM_GCC_493\Debug\RealFinal.a(cyfitter_cfg.o)
 .data          0x00000000        0x0 .\CortexM0\ARM_GCC_493\Debug\RealFinal.a(cyfitter_cfg.o)
 .bss           0x00000000        0x0 .\CortexM0\ARM_GCC_493\Debug\RealFinal.a(cyfitter_cfg.o)
 .text          0x00000000        0x0 .\CortexM0\ARM_GCC_493\Debug\RealFinal.a(PWM_1.o)
 .data          0x00000000        0x0 .\CortexM0\ARM_GCC_493\Debug\RealFinal.a(PWM_1.o)
 .bss           0x00000000        0x1 .\CortexM0\ARM_GCC_493\Debug\RealFinal.a(PWM_1.o)
 .text.PWM_1_Stop
                0x00000000       0x10 .\CortexM0\ARM_GCC_493\Debug\RealFinal.a(PWM_1.o)
 .text.PWM_1_WriteCounter
                0x00000000        0xc .\CortexM0\ARM_GCC_493\Debug\RealFinal.a(PWM_1.o)
 .text.PWM_1_ReadCounter
                0x00000000       0x14 .\CortexM0\ARM_GCC_493\Debug\RealFinal.a(PWM_1.o)
 .text.PWM_1_WritePeriod
                0x00000000        0xc .\CortexM0\ARM_GCC_493\Debug\RealFinal.a(PWM_1.o)
 .text.PWM_1_SetInterruptMode
                0x00000000        0xc .\CortexM0\ARM_GCC_493\Debug\RealFinal.a(PWM_1.o)
 .text.PWM_1_ReadStatusRegister
                0x00000000        0xc .\CortexM0\ARM_GCC_493\Debug\RealFinal.a(PWM_1.o)
 .text.PWM_1_ReadControlRegister
                0x00000000        0xc .\CortexM0\ARM_GCC_493\Debug\RealFinal.a(PWM_1.o)
 .text.PWM_1_WriteControlRegister
                0x00000000        0xc .\CortexM0\ARM_GCC_493\Debug\RealFinal.a(PWM_1.o)
 .text.PWM_1_ReadCapture
                0x00000000        0xc .\CortexM0\ARM_GCC_493\Debug\RealFinal.a(PWM_1.o)
 .text.PWM_1_ClearFIFO
                0x00000000       0x14 .\CortexM0\ARM_GCC_493\Debug\RealFinal.a(PWM_1.o)
 .text.PWM_1_Init
                0x00000000       0x6c .\CortexM0\ARM_GCC_493\Debug\RealFinal.a(PWM_1.o)
 .text.PWM_1_Start
                0x00000000       0x20 .\CortexM0\ARM_GCC_493\Debug\RealFinal.a(PWM_1.o)
 .text.PWM_1_ReadCompare1
                0x00000000        0xc .\CortexM0\ARM_GCC_493\Debug\RealFinal.a(PWM_1.o)
 .text.PWM_1_ReadCompare2
                0x00000000        0xc .\CortexM0\ARM_GCC_493\Debug\RealFinal.a(PWM_1.o)
 .text.PWM_1_ReadPeriod
                0x00000000        0xc .\CortexM0\ARM_GCC_493\Debug\RealFinal.a(PWM_1.o)
 .data          0x00000000        0x0 .\CortexM0\ARM_GCC_493\Debug\RealFinal.a(CyBootAsmGnu.o)
 .bss           0x00000000        0x0 .\CortexM0\ARM_GCC_493\Debug\RealFinal.a(CyBootAsmGnu.o)
 .text          0x00000000        0x0 .\CortexM0\ARM_GCC_493\Debug\RealFinal.a(CyLib.o)
 .bss           0x00000000       0x18 .\CortexM0\ARM_GCC_493\Debug\RealFinal.a(CyLib.o)
 .text.CySysClkImoStart
                0x00000000       0x14 .\CortexM0\ARM_GCC_493\Debug\RealFinal.a(CyLib.o)
 .text.CySysClkImoStop
                0x00000000       0x10 .\CortexM0\ARM_GCC_493\Debug\RealFinal.a(CyLib.o)
 .text.CySysClkWriteHfclkDirect
                0x00000000       0x20 .\CortexM0\ARM_GCC_493\Debug\RealFinal.a(CyLib.o)
 .text.CySysClkGetSysclkSource
                0x00000000       0x1c .\CortexM0\ARM_GCC_493\Debug\RealFinal.a(CyLib.o)
 .text.CySysClkWriteSysclkDiv
                0x00000000       0x28 .\CortexM0\ARM_GCC_493\Debug\RealFinal.a(CyLib.o)
 .text.CySysClkEcoStop
                0x00000000       0x24 .\CortexM0\ARM_GCC_493\Debug\RealFinal.a(CyLib.o)
 .text.CySysLvdDisable
                0x00000000       0x20 .\CortexM0\ARM_GCC_493\Debug\RealFinal.a(CyLib.o)
 .text.CySysLvdGetInterruptSource
                0x00000000       0x10 .\CortexM0\ARM_GCC_493\Debug\RealFinal.a(CyLib.o)
 .text.CySysLvdClearInterrupt
                0x00000000        0xc .\CortexM0\ARM_GCC_493\Debug\RealFinal.a(CyLib.o)
 .text.CySysGetResetReason
                0x00000000       0x14 .\CortexM0\ARM_GCC_493\Debug\RealFinal.a(CyLib.o)
 .text.CyDisableInts
                0x00000000       0x10 .\CortexM0\ARM_GCC_493\Debug\RealFinal.a(CyLib.o)
 .text.CyEnableInts
                0x00000000        0xc .\CortexM0\ARM_GCC_493\Debug\RealFinal.a(CyLib.o)
 .text.CyIntGetState
                0x00000000       0x18 .\CortexM0\ARM_GCC_493\Debug\RealFinal.a(CyLib.o)
 .text.CyIntDisable
                0x00000000       0x14 .\CortexM0\ARM_GCC_493\Debug\RealFinal.a(CyLib.o)
 .text.CyIntSetPending
                0x00000000       0x14 .\CortexM0\ARM_GCC_493\Debug\RealFinal.a(CyLib.o)
 .text.CyIntClearPending
                0x00000000       0x14 .\CortexM0\ARM_GCC_493\Debug\RealFinal.a(CyLib.o)
 .text.CySysClkWriteEcoDiv
                0x00000000       0x38 .\CortexM0\ARM_GCC_493\Debug\RealFinal.a(CyLib.o)
 .text.CyIntSetSysVector
                0x00000000       0x20 .\CortexM0\ARM_GCC_493\Debug\RealFinal.a(CyLib.o)
 .text.CyIntGetSysVector
                0x00000000       0x1c .\CortexM0\ARM_GCC_493\Debug\RealFinal.a(CyLib.o)
 .text.CyIntGetVector
                0x00000000       0x20 .\CortexM0\ARM_GCC_493\Debug\RealFinal.a(CyLib.o)
 .text.CyIntSetPriority
                0x00000000       0x4c .\CortexM0\ARM_GCC_493\Debug\RealFinal.a(CyLib.o)
 .text.CyIntGetPriority
                0x00000000       0x2c .\CortexM0\ARM_GCC_493\Debug\RealFinal.a(CyLib.o)
 .text.CySoftwareReset
                0x00000000       0x18 .\CortexM0\ARM_GCC_493\Debug\RealFinal.a(CyLib.o)
 .text.CySysLvdEnable
                0x00000000       0x44 .\CortexM0\ARM_GCC_493\Debug\RealFinal.a(CyLib.o)
 .text.CyDelayFreq
                0x00000000       0x4c .\CortexM0\ARM_GCC_493\Debug\RealFinal.a(CyLib.o)
 .text.CySysTickStop
                0x00000000       0x10 .\CortexM0\ARM_GCC_493\Debug\RealFinal.a(CyLib.o)
 .text.CySysTickEnableInterrupt
                0x00000000       0x10 .\CortexM0\ARM_GCC_493\Debug\RealFinal.a(CyLib.o)
 .text.CySysTickEnable
                0x00000000       0x18 .\CortexM0\ARM_GCC_493\Debug\RealFinal.a(CyLib.o)
 .text.CySysTickDisableInterrupt
                0x00000000       0x10 .\CortexM0\ARM_GCC_493\Debug\RealFinal.a(CyLib.o)
 .text.CySysTickSetReload
                0x00000000       0x10 .\CortexM0\ARM_GCC_493\Debug\RealFinal.a(CyLib.o)
 .text.CySysTickGetReload
                0x00000000       0x10 .\CortexM0\ARM_GCC_493\Debug\RealFinal.a(CyLib.o)
 .text.CySysTickGetValue
                0x00000000       0x10 .\CortexM0\ARM_GCC_493\Debug\RealFinal.a(CyLib.o)
 .text.CySysTickSetClockSource
                0x00000000       0x20 .\CortexM0\ARM_GCC_493\Debug\RealFinal.a(CyLib.o)
 .text.CySysTickGetCountFlag
                0x00000000       0x10 .\CortexM0\ARM_GCC_493\Debug\RealFinal.a(CyLib.o)
 .text.CySysTickServiceCallbacks
                0x00000000       0x28 .\CortexM0\ARM_GCC_493\Debug\RealFinal.a(CyLib.o)
 .text.CySysTickClear
                0x00000000        0xc .\CortexM0\ARM_GCC_493\Debug\RealFinal.a(CyLib.o)
 .text.CySysTickInit
                0x00000000       0x4c .\CortexM0\ARM_GCC_493\Debug\RealFinal.a(CyLib.o)
 .text.CySysTickStart
                0x00000000       0x20 .\CortexM0\ARM_GCC_493\Debug\RealFinal.a(CyLib.o)
 .text.CySysTickSetCallback
                0x00000000       0x10 .\CortexM0\ARM_GCC_493\Debug\RealFinal.a(CyLib.o)
 .text.CySysTickGetCallback
                0x00000000        0xc .\CortexM0\ARM_GCC_493\Debug\RealFinal.a(CyLib.o)
 .text.CyGetUniqueId
                0x00000000       0x70 .\CortexM0\ARM_GCC_493\Debug\RealFinal.a(CyLib.o)
 .text          0x00000000        0x0 .\CortexM0\ARM_GCC_493\Debug\RealFinal.a(CyLFClk.o)
 .text.CySysClkIloEnabled
                0x00000000       0x14 .\CortexM0\ARM_GCC_493\Debug\RealFinal.a(CyLFClk.o)
 .text.CySysClkGetLfclkSource
                0x00000000       0x10 .\CortexM0\ARM_GCC_493\Debug\RealFinal.a(CyLFClk.o)
 .text.CySysClkIloStart
                0x00000000       0x14 .\CortexM0\ARM_GCC_493\Debug\RealFinal.a(CyLFClk.o)
 .text.CySysClkIloStartMeasurement
                0x00000000       0x5c .\CortexM0\ARM_GCC_493\Debug\RealFinal.a(CyLFClk.o)
 .text.CySysClkIloStopMeasurement
                0x00000000       0x14 .\CortexM0\ARM_GCC_493\Debug\RealFinal.a(CyLFClk.o)
 .text.CySysClkIloCompensate
                0x00000000      0x108 .\CortexM0\ARM_GCC_493\Debug\RealFinal.a(CyLFClk.o)
 .text.CySysClkIloUpdateTrimReg
                0x00000000       0xa4 .\CortexM0\ARM_GCC_493\Debug\RealFinal.a(CyLFClk.o)
 .text.CySysClkIloTrim
                0x00000000       0xd8 .\CortexM0\ARM_GCC_493\Debug\RealFinal.a(CyLFClk.o)
 .text.CySysClkIloRestoreFactoryTrim
                0x00000000       0x30 .\CortexM0\ARM_GCC_493\Debug\RealFinal.a(CyLFClk.o)
 .text.CySysClkWcoEnabled
                0x00000000       0x14 .\CortexM0\ARM_GCC_493\Debug\RealFinal.a(CyLFClk.o)
 .text.CySysClkWcoClockOutSelect
                0x00000000       0x2c .\CortexM0\ARM_GCC_493\Debug\RealFinal.a(CyLFClk.o)
 .text.CySysWdtGetEnabledStatus
                0x00000000       0x24 .\CortexM0\ARM_GCC_493\Debug\RealFinal.a(CyLFClk.o)
 .text.CySysWdtSetMode
                0x00000000       0x38 .\CortexM0\ARM_GCC_493\Debug\RealFinal.a(CyLFClk.o)
 .text.CySysClkLfclkPosedgeRestore
                0x00000000       0x2c .\CortexM0\ARM_GCC_493\Debug\RealFinal.a(CyLFClk.o)
 .text.CySysWdtGetMode
                0x00000000       0x14 .\CortexM0\ARM_GCC_493\Debug\RealFinal.a(CyLFClk.o)
 .text.CySysWdtSetClearOnMatch
                0x00000000       0x38 .\CortexM0\ARM_GCC_493\Debug\RealFinal.a(CyLFClk.o)
 .text.CySysWdtGetClearOnMatch
                0x00000000       0x24 .\CortexM0\ARM_GCC_493\Debug\RealFinal.a(CyLFClk.o)
 .text.CySysWdtEnable
                0x00000000       0x3c .\CortexM0\ARM_GCC_493\Debug\RealFinal.a(CyLFClk.o)
 .text.CySysWdtDisable
                0x00000000       0x44 .\CortexM0\ARM_GCC_493\Debug\RealFinal.a(CyLFClk.o)
 .text.CySysWdtSetCascade
                0x00000000       0x34 .\CortexM0\ARM_GCC_493\Debug\RealFinal.a(CyLFClk.o)
 .text.CySysWdtGetCascade
                0x00000000       0x14 .\CortexM0\ARM_GCC_493\Debug\RealFinal.a(CyLFClk.o)
 .text.CySysWdtSetMatch
                0x00000000       0x58 .\CortexM0\ARM_GCC_493\Debug\RealFinal.a(CyLFClk.o)
 .text.CySysWdtSetToggleBit
                0x00000000       0x2c .\CortexM0\ARM_GCC_493\Debug\RealFinal.a(CyLFClk.o)
 .text.CySysWdtGetToggleBit
                0x00000000       0x10 .\CortexM0\ARM_GCC_493\Debug\RealFinal.a(CyLFClk.o)
 .text.CySysWdtGetMatch
                0x00000000       0x20 .\CortexM0\ARM_GCC_493\Debug\RealFinal.a(CyLFClk.o)
 .text.CySysWdtGetCount
                0x00000000       0x3c .\CortexM0\ARM_GCC_493\Debug\RealFinal.a(CyLFClk.o)
 .text.CySysClkLfclkPosedgeCatch
                0x00000000       0x74 .\CortexM0\ARM_GCC_493\Debug\RealFinal.a(CyLFClk.o)
 .text.CySysClkIloStop
                0x00000000       0x4c .\CortexM0\ARM_GCC_493\Debug\RealFinal.a(CyLFClk.o)
 .text.CySysClkSetLfclkSource
                0x00000000       0x38 .\CortexM0\ARM_GCC_493\Debug\RealFinal.a(CyLFClk.o)
 .text.CySysClkWcoStop
                0x00000000       0x48 .\CortexM0\ARM_GCC_493\Debug\RealFinal.a(CyLFClk.o)
 .text.CySysWdtGetInterruptSource
                0x00000000       0x14 .\CortexM0\ARM_GCC_493\Debug\RealFinal.a(CyLFClk.o)
 .text.CySysWdtResetCounters
                0x00000000       0x20 .\CortexM0\ARM_GCC_493\Debug\RealFinal.a(CyLFClk.o)
 .text.CySysWdtSetInterruptCallback
                0x00000000       0x20 .\CortexM0\ARM_GCC_493\Debug\RealFinal.a(CyLFClk.o)
 .text.CySysWdtGetInterruptCallback
                0x00000000       0x20 .\CortexM0\ARM_GCC_493\Debug\RealFinal.a(CyLFClk.o)
 .text.CySysWdtEnableCounterIsr
                0x00000000       0x34 .\CortexM0\ARM_GCC_493\Debug\RealFinal.a(CyLFClk.o)
 .text.CySysWdtDisableCounterIsr
                0x00000000       0x28 .\CortexM0\ARM_GCC_493\Debug\RealFinal.a(CyLFClk.o)
 .text.CySysWatchdogFeed
                0x00000000       0x60 .\CortexM0\ARM_GCC_493\Debug\RealFinal.a(CyLFClk.o)
 .text.CySysTimerDelayUntilMatch
                0x00000000       0x6c .\CortexM0\ARM_GCC_493\Debug\RealFinal.a(CyLFClk.o)
 .text.CySysTimerDelay
                0x00000000       0x3c .\CortexM0\ARM_GCC_493\Debug\RealFinal.a(CyLFClk.o)
 .rodata        0x00000000        0xc .\CortexM0\ARM_GCC_493\Debug\RealFinal.a(CyLFClk.o)
 .text          0x00000000        0x0 .\CortexM0\ARM_GCC_493\Debug\RealFinal.a(Servo_En_1.o)
 .data          0x00000000        0x0 .\CortexM0\ARM_GCC_493\Debug\RealFinal.a(Servo_En_1.o)
 .bss           0x00000000        0x0 .\CortexM0\ARM_GCC_493\Debug\RealFinal.a(Servo_En_1.o)
 .text.Servo_En_1_SetDriveMode
                0x00000000       0x18 .\CortexM0\ARM_GCC_493\Debug\RealFinal.a(Servo_En_1.o)
 .text.Servo_En_1_Read
                0x00000000       0x10 .\CortexM0\ARM_GCC_493\Debug\RealFinal.a(Servo_En_1.o)
 .text.Servo_En_1_ReadDataReg
                0x00000000       0x10 .\CortexM0\ARM_GCC_493\Debug\RealFinal.a(Servo_En_1.o)
 .text.Servo_En_1_SetInterruptMode
                0x00000000       0x14 .\CortexM0\ARM_GCC_493\Debug\RealFinal.a(Servo_En_1.o)
 .text.Servo_En_1_ClearInterrupt
                0x00000000       0x14 .\CortexM0\ARM_GCC_493\Debug\RealFinal.a(Servo_En_1.o)
 .text          0x00000000        0x0 .\CortexM0\ARM_GCC_493\Debug\RealFinal.a(Servo_En_2.o)
 .data          0x00000000        0x0 .\CortexM0\ARM_GCC_493\Debug\RealFinal.a(Servo_En_2.o)
 .bss           0x00000000        0x0 .\CortexM0\ARM_GCC_493\Debug\RealFinal.a(Servo_En_2.o)
 .text.Servo_En_2_SetDriveMode
                0x00000000       0x18 .\CortexM0\ARM_GCC_493\Debug\RealFinal.a(Servo_En_2.o)
 .text.Servo_En_2_Read
                0x00000000       0x10 .\CortexM0\ARM_GCC_493\Debug\RealFinal.a(Servo_En_2.o)
 .text.Servo_En_2_ReadDataReg
                0x00000000       0x10 .\CortexM0\ARM_GCC_493\Debug\RealFinal.a(Servo_En_2.o)
 .text.Servo_En_2_SetInterruptMode
                0x00000000       0x14 .\CortexM0\ARM_GCC_493\Debug\RealFinal.a(Servo_En_2.o)
 .text.Servo_En_2_ClearInterrupt
                0x00000000       0x14 .\CortexM0\ARM_GCC_493\Debug\RealFinal.a(Servo_En_2.o)
 .text          0x00000000        0x0 .\CortexM0\ARM_GCC_493\Debug\RealFinal.a(LED_3.o)
 .data          0x00000000        0x0 .\CortexM0\ARM_GCC_493\Debug\RealFinal.a(LED_3.o)
 .bss           0x00000000        0x0 .\CortexM0\ARM_GCC_493\Debug\RealFinal.a(LED_3.o)
 .text.LED_3_SetDriveMode
                0x00000000       0x18 .\CortexM0\ARM_GCC_493\Debug\RealFinal.a(LED_3.o)
 .text.LED_3_Read
                0x00000000       0x10 .\CortexM0\ARM_GCC_493\Debug\RealFinal.a(LED_3.o)
 .text.LED_3_ReadDataReg
                0x00000000       0x10 .\CortexM0\ARM_GCC_493\Debug\RealFinal.a(LED_3.o)
 .text.LED_3_SetInterruptMode
                0x00000000       0x14 .\CortexM0\ARM_GCC_493\Debug\RealFinal.a(LED_3.o)
 .text.LED_3_ClearInterrupt
                0x00000000       0x14 .\CortexM0\ARM_GCC_493\Debug\RealFinal.a(LED_3.o)
 .text          0x00000000        0x0 .\CortexM0\ARM_GCC_493\Debug\RealFinal.a(LED_2.o)
 .data          0x00000000        0x0 .\CortexM0\ARM_GCC_493\Debug\RealFinal.a(LED_2.o)
 .bss           0x00000000        0x0 .\CortexM0\ARM_GCC_493\Debug\RealFinal.a(LED_2.o)
 .text.LED_2_SetDriveMode
                0x00000000       0x18 .\CortexM0\ARM_GCC_493\Debug\RealFinal.a(LED_2.o)
 .text.LED_2_Read
                0x00000000       0x10 .\CortexM0\ARM_GCC_493\Debug\RealFinal.a(LED_2.o)
 .text.LED_2_ReadDataReg
                0x00000000       0x10 .\CortexM0\ARM_GCC_493\Debug\RealFinal.a(LED_2.o)
 .text.LED_2_SetInterruptMode
                0x00000000       0x14 .\CortexM0\ARM_GCC_493\Debug\RealFinal.a(LED_2.o)
 .text.LED_2_ClearInterrupt
                0x00000000       0x14 .\CortexM0\ARM_GCC_493\Debug\RealFinal.a(LED_2.o)
 .text          0x00000000        0x0 .\CortexM0\ARM_GCC_493\Debug\RealFinal.a(LED_1.o)
 .data          0x00000000        0x0 .\CortexM0\ARM_GCC_493\Debug\RealFinal.a(LED_1.o)
 .bss           0x00000000        0x0 .\CortexM0\ARM_GCC_493\Debug\RealFinal.a(LED_1.o)
 .text.LED_1_SetDriveMode
                0x00000000       0x14 .\CortexM0\ARM_GCC_493\Debug\RealFinal.a(LED_1.o)
 .text.LED_1_Read
                0x00000000       0x10 .\CortexM0\ARM_GCC_493\Debug\RealFinal.a(LED_1.o)
 .text.LED_1_ReadDataReg
                0x00000000       0x10 .\CortexM0\ARM_GCC_493\Debug\RealFinal.a(LED_1.o)
 .text.LED_1_SetInterruptMode
                0x00000000       0x14 .\CortexM0\ARM_GCC_493\Debug\RealFinal.a(LED_1.o)
 .text.LED_1_ClearInterrupt
                0x00000000       0x14 .\CortexM0\ARM_GCC_493\Debug\RealFinal.a(LED_1.o)
 .text          0x00000000        0x0 .\CortexM0\ARM_GCC_493\Debug\RealFinal.a(Countdown.o)
 .data          0x00000000        0x0 .\CortexM0\ARM_GCC_493\Debug\RealFinal.a(Countdown.o)
 .text.Countdown_Stop
                0x00000000       0x10 .\CortexM0\ARM_GCC_493\Debug\RealFinal.a(Countdown.o)
 .text.Countdown_SoftwareCapture
                0x00000000        0xc .\CortexM0\ARM_GCC_493\Debug\RealFinal.a(Countdown.o)
 .text.Countdown_ReadControlRegister
                0x00000000        0xc .\CortexM0\ARM_GCC_493\Debug\RealFinal.a(Countdown.o)
 .text.Countdown_WriteControlRegister
                0x00000000        0xc .\CortexM0\ARM_GCC_493\Debug\RealFinal.a(Countdown.o)
 .text.Countdown_ReadPeriod
                0x00000000        0xc .\CortexM0\ARM_GCC_493\Debug\RealFinal.a(Countdown.o)
 .text.Countdown_ReadCounter
                0x00000000       0x14 .\CortexM0\ARM_GCC_493\Debug\RealFinal.a(Countdown.o)
 .text          0x00000000        0x0 .\CortexM0\ARM_GCC_493\Debug\RealFinal.a(timer_interrupt.o)
 .data          0x00000000        0x0 .\CortexM0\ARM_GCC_493\Debug\RealFinal.a(timer_interrupt.o)
 .bss           0x00000000        0x0 .\CortexM0\ARM_GCC_493\Debug\RealFinal.a(timer_interrupt.o)
 .text.timer_interrupt_Interrupt
                0x00000000        0x4 .\CortexM0\ARM_GCC_493\Debug\RealFinal.a(timer_interrupt.o)
 .text.timer_interrupt_GetVector
                0x00000000        0xc .\CortexM0\ARM_GCC_493\Debug\RealFinal.a(timer_interrupt.o)
 .text.timer_interrupt_GetPriority
                0x00000000       0x10 .\CortexM0\ARM_GCC_493\Debug\RealFinal.a(timer_interrupt.o)
 .text.timer_interrupt_GetState
                0x00000000       0x14 .\CortexM0\ARM_GCC_493\Debug\RealFinal.a(timer_interrupt.o)
 .text.timer_interrupt_Start
                0x00000000       0x1c .\CortexM0\ARM_GCC_493\Debug\RealFinal.a(timer_interrupt.o)
 .text.timer_interrupt_Stop
                0x00000000       0x14 .\CortexM0\ARM_GCC_493\Debug\RealFinal.a(timer_interrupt.o)
 .text.timer_interrupt_SetPending
                0x00000000        0xc .\CortexM0\ARM_GCC_493\Debug\RealFinal.a(timer_interrupt.o)
 .text.timer_interrupt_ClearPending
                0x00000000        0xc .\CortexM0\ARM_GCC_493\Debug\RealFinal.a(timer_interrupt.o)
 .data          0x00000000        0x0 c:/program files (x86)/cypress/psoc creator/3.3/psoc creator/import/gnu/arm/4.9.3/bin/../lib/gcc/arm-none-eabi/4.9.3/armv6-m\libgcc.a(_udivsi3.o)
 .bss           0x00000000        0x0 c:/program files (x86)/cypress/psoc creator/3.3/psoc creator/import/gnu/arm/4.9.3/bin/../lib/gcc/arm-none-eabi/4.9.3/armv6-m\libgcc.a(_udivsi3.o)
 .text          0x00000000      0x1e0 c:/program files (x86)/cypress/psoc creator/3.3/psoc creator/import/gnu/arm/4.9.3/bin/../lib/gcc/arm-none-eabi/4.9.3/armv6-m\libgcc.a(_divsi3.o)
 .data          0x00000000        0x0 c:/program files (x86)/cypress/psoc creator/3.3/psoc creator/import/gnu/arm/4.9.3/bin/../lib/gcc/arm-none-eabi/4.9.3/armv6-m\libgcc.a(_divsi3.o)
 .bss           0x00000000        0x0 c:/program files (x86)/cypress/psoc creator/3.3/psoc creator/import/gnu/arm/4.9.3/bin/../lib/gcc/arm-none-eabi/4.9.3/armv6-m\libgcc.a(_divsi3.o)
 .data          0x00000000        0x0 c:/program files (x86)/cypress/psoc creator/3.3/psoc creator/import/gnu/arm/4.9.3/bin/../lib/gcc/arm-none-eabi/4.9.3/armv6-m\libgcc.a(_dvmd_tls.o)
 .bss           0x00000000        0x0 c:/program files (x86)/cypress/psoc creator/3.3/psoc creator/import/gnu/arm/4.9.3/bin/../lib/gcc/arm-none-eabi/4.9.3/armv6-m\libgcc.a(_dvmd_tls.o)
 .data          0x00000000        0x0 c:/program files (x86)/cypress/psoc creator/3.3/psoc creator/import/gnu/arm/4.9.3/bin/../lib/gcc/arm-none-eabi/4.9.3/armv6-m\libgcc.a(_fixunsdfsi.o)
 .bss           0x00000000        0x0 c:/program files (x86)/cypress/psoc creator/3.3/psoc creator/import/gnu/arm/4.9.3/bin/../lib/gcc/arm-none-eabi/4.9.3/armv6-m\libgcc.a(_fixunsdfsi.o)
 .data          0x00000000        0x0 c:/program files (x86)/cypress/psoc creator/3.3/psoc creator/import/gnu/arm/4.9.3/bin/../lib/gcc/arm-none-eabi/4.9.3/armv6-m\libgcc.a(adddf3.o)
 .bss           0x00000000        0x0 c:/program files (x86)/cypress/psoc creator/3.3/psoc creator/import/gnu/arm/4.9.3/bin/../lib/gcc/arm-none-eabi/4.9.3/armv6-m\libgcc.a(adddf3.o)
 .data          0x00000000        0x0 c:/program files (x86)/cypress/psoc creator/3.3/psoc creator/import/gnu/arm/4.9.3/bin/../lib/gcc/arm-none-eabi/4.9.3/armv6-m\libgcc.a(divdf3.o)
 .bss           0x00000000        0x0 c:/program files (x86)/cypress/psoc creator/3.3/psoc creator/import/gnu/arm/4.9.3/bin/../lib/gcc/arm-none-eabi/4.9.3/armv6-m\libgcc.a(divdf3.o)
 .data          0x00000000        0x0 c:/program files (x86)/cypress/psoc creator/3.3/psoc creator/import/gnu/arm/4.9.3/bin/../lib/gcc/arm-none-eabi/4.9.3/armv6-m\libgcc.a(muldf3.o)
 .bss           0x00000000        0x0 c:/program files (x86)/cypress/psoc creator/3.3/psoc creator/import/gnu/arm/4.9.3/bin/../lib/gcc/arm-none-eabi/4.9.3/armv6-m\libgcc.a(muldf3.o)
 .data          0x00000000        0x0 c:/program files (x86)/cypress/psoc creator/3.3/psoc creator/import/gnu/arm/4.9.3/bin/../lib/gcc/arm-none-eabi/4.9.3/armv6-m\libgcc.a(subdf3.o)
 .bss           0x00000000        0x0 c:/program files (x86)/cypress/psoc creator/3.3/psoc creator/import/gnu/arm/4.9.3/bin/../lib/gcc/arm-none-eabi/4.9.3/armv6-m\libgcc.a(subdf3.o)
 .data          0x00000000        0x0 c:/program files (x86)/cypress/psoc creator/3.3/psoc creator/import/gnu/arm/4.9.3/bin/../lib/gcc/arm-none-eabi/4.9.3/armv6-m\libgcc.a(fixdfsi.o)
 .bss           0x00000000        0x0 c:/program files (x86)/cypress/psoc creator/3.3/psoc creator/import/gnu/arm/4.9.3/bin/../lib/gcc/arm-none-eabi/4.9.3/armv6-m\libgcc.a(fixdfsi.o)
 .data          0x00000000        0x0 c:/program files (x86)/cypress/psoc creator/3.3/psoc creator/import/gnu/arm/4.9.3/bin/../lib/gcc/arm-none-eabi/4.9.3/armv6-m\libgcc.a(floatsidf.o)
 .bss           0x00000000        0x0 c:/program files (x86)/cypress/psoc creator/3.3/psoc creator/import/gnu/arm/4.9.3/bin/../lib/gcc/arm-none-eabi/4.9.3/armv6-m\libgcc.a(floatsidf.o)
 .data          0x00000000        0x0 c:/program files (x86)/cypress/psoc creator/3.3/psoc creator/import/gnu/arm/4.9.3/bin/../lib/gcc/arm-none-eabi/4.9.3/armv6-m\libgcc.a(_arm_cmpdf2.o)
 .bss           0x00000000        0x0 c:/program files (x86)/cypress/psoc creator/3.3/psoc creator/import/gnu/arm/4.9.3/bin/../lib/gcc/arm-none-eabi/4.9.3/armv6-m\libgcc.a(_arm_cmpdf2.o)
 .data          0x00000000        0x0 c:/program files (x86)/cypress/psoc creator/3.3/psoc creator/import/gnu/arm/4.9.3/bin/../lib/gcc/arm-none-eabi/4.9.3/armv6-m\libgcc.a(_clzsi2.o)
 .bss           0x00000000        0x0 c:/program files (x86)/cypress/psoc creator/3.3/psoc creator/import/gnu/arm/4.9.3/bin/../lib/gcc/arm-none-eabi/4.9.3/armv6-m\libgcc.a(_clzsi2.o)
 .data          0x00000000        0x0 c:/program files (x86)/cypress/psoc creator/3.3/psoc creator/import/gnu/arm/4.9.3/bin/../lib/gcc/arm-none-eabi/4.9.3/armv6-m\libgcc.a(eqdf2.o)
 .bss           0x00000000        0x0 c:/program files (x86)/cypress/psoc creator/3.3/psoc creator/import/gnu/arm/4.9.3/bin/../lib/gcc/arm-none-eabi/4.9.3/armv6-m\libgcc.a(eqdf2.o)
 .data          0x00000000        0x0 c:/program files (x86)/cypress/psoc creator/3.3/psoc creator/import/gnu/arm/4.9.3/bin/../lib/gcc/arm-none-eabi/4.9.3/armv6-m\libgcc.a(gedf2.o)
 .bss           0x00000000        0x0 c:/program files (x86)/cypress/psoc creator/3.3/psoc creator/import/gnu/arm/4.9.3/bin/../lib/gcc/arm-none-eabi/4.9.3/armv6-m\libgcc.a(gedf2.o)
 .data          0x00000000        0x0 c:/program files (x86)/cypress/psoc creator/3.3/psoc creator/import/gnu/arm/4.9.3/bin/../lib/gcc/arm-none-eabi/4.9.3/armv6-m\libgcc.a(ledf2.o)
 .bss           0x00000000        0x0 c:/program files (x86)/cypress/psoc creator/3.3/psoc creator/import/gnu/arm/4.9.3/bin/../lib/gcc/arm-none-eabi/4.9.3/armv6-m\libgcc.a(ledf2.o)
 .text          0x00000000        0x0 c:/program files (x86)/cypress/psoc creator/3.3/psoc creator/import/gnu/arm/4.9.3/bin/../lib/gcc/arm-none-eabi/4.9.3/../../../../arm-none-eabi/lib/armv6-m\libg_nano.a(lib_a-errno.o)
 .data          0x00000000        0x0 c:/program files (x86)/cypress/psoc creator/3.3/psoc creator/import/gnu/arm/4.9.3/bin/../lib/gcc/arm-none-eabi/4.9.3/../../../../arm-none-eabi/lib/armv6-m\libg_nano.a(lib_a-errno.o)
 .bss           0x00000000        0x0 c:/program files (x86)/cypress/psoc creator/3.3/psoc creator/import/gnu/arm/4.9.3/bin/../lib/gcc/arm-none-eabi/4.9.3/../../../../arm-none-eabi/lib/armv6-m\libg_nano.a(lib_a-errno.o)
 .text.__errno  0x00000000        0xc c:/program files (x86)/cypress/psoc creator/3.3/psoc creator/import/gnu/arm/4.9.3/bin/../lib/gcc/arm-none-eabi/4.9.3/../../../../arm-none-eabi/lib/armv6-m\libg_nano.a(lib_a-errno.o)
 .text          0x00000000        0x0 c:/program files (x86)/cypress/psoc creator/3.3/psoc creator/import/gnu/arm/4.9.3/bin/../lib/gcc/arm-none-eabi/4.9.3/../../../../arm-none-eabi/lib/armv6-m\libg_nano.a(lib_a-exit.o)
 .data          0x00000000        0x0 c:/program files (x86)/cypress/psoc creator/3.3/psoc creator/import/gnu/arm/4.9.3/bin/../lib/gcc/arm-none-eabi/4.9.3/../../../../arm-none-eabi/lib/armv6-m\libg_nano.a(lib_a-exit.o)
 .bss           0x00000000        0x0 c:/program files (x86)/cypress/psoc creator/3.3/psoc creator/import/gnu/arm/4.9.3/bin/../lib/gcc/arm-none-eabi/4.9.3/../../../../arm-none-eabi/lib/armv6-m\libg_nano.a(lib_a-exit.o)
 .text.exit     0x00000000       0x2c c:/program files (x86)/cypress/psoc creator/3.3/psoc creator/import/gnu/arm/4.9.3/bin/../lib/gcc/arm-none-eabi/4.9.3/../../../../arm-none-eabi/lib/armv6-m\libg_nano.a(lib_a-exit.o)
 .text          0x00000000        0x0 c:/program files (x86)/cypress/psoc creator/3.3/psoc creator/import/gnu/arm/4.9.3/bin/../lib/gcc/arm-none-eabi/4.9.3/../../../../arm-none-eabi/lib/armv6-m\libg_nano.a(lib_a-impure.o)
 .data          0x00000000        0x0 c:/program files (x86)/cypress/psoc creator/3.3/psoc creator/import/gnu/arm/4.9.3/bin/../lib/gcc/arm-none-eabi/4.9.3/../../../../arm-none-eabi/lib/armv6-m\libg_nano.a(lib_a-impure.o)
 .bss           0x00000000        0x0 c:/program files (x86)/cypress/psoc creator/3.3/psoc creator/import/gnu/arm/4.9.3/bin/../lib/gcc/arm-none-eabi/4.9.3/../../../../arm-none-eabi/lib/armv6-m\libg_nano.a(lib_a-impure.o)
 .data.impure_data
                0x00000000       0x60 c:/program files (x86)/cypress/psoc creator/3.3/psoc creator/import/gnu/arm/4.9.3/bin/../lib/gcc/arm-none-eabi/4.9.3/../../../../arm-none-eabi/lib/armv6-m\libg_nano.a(lib_a-impure.o)
 .data._impure_ptr
                0x00000000        0x4 c:/program files (x86)/cypress/psoc creator/3.3/psoc creator/import/gnu/arm/4.9.3/bin/../lib/gcc/arm-none-eabi/4.9.3/../../../../arm-none-eabi/lib/armv6-m\libg_nano.a(lib_a-impure.o)
 .rodata.str1.1
                0x00000000        0x2 c:/program files (x86)/cypress/psoc creator/3.3/psoc creator/import/gnu/arm/4.9.3/bin/../lib/gcc/arm-none-eabi/4.9.3/../../../../arm-none-eabi/lib/armv6-m\libg_nano.a(lib_a-impure.o)
 .rodata._global_impure_ptr
                0x00000000        0x4 c:/program files (x86)/cypress/psoc creator/3.3/psoc creator/import/gnu/arm/4.9.3/bin/../lib/gcc/arm-none-eabi/4.9.3/../../../../arm-none-eabi/lib/armv6-m\libg_nano.a(lib_a-impure.o)
 .text          0x00000000        0x0 c:/program files (x86)/cypress/psoc creator/3.3/psoc creator/import/gnu/arm/4.9.3/bin/../lib/gcc/arm-none-eabi/4.9.3/../../../../arm-none-eabi/lib/armv6-m\libg_nano.a(lib_a-init.o)
 .data          0x00000000        0x0 c:/program files (x86)/cypress/psoc creator/3.3/psoc creator/import/gnu/arm/4.9.3/bin/../lib/gcc/arm-none-eabi/4.9.3/../../../../arm-none-eabi/lib/armv6-m\libg_nano.a(lib_a-init.o)
 .bss           0x00000000        0x0 c:/program files (x86)/cypress/psoc creator/3.3/psoc creator/import/gnu/arm/4.9.3/bin/../lib/gcc/arm-none-eabi/4.9.3/../../../../arm-none-eabi/lib/armv6-m\libg_nano.a(lib_a-init.o)
 .text          0x00000000        0x0 c:/program files (x86)/cypress/psoc creator/3.3/psoc creator/import/gnu/arm/4.9.3/bin/../lib/gcc/arm-none-eabi/4.9.3/../../../../arm-none-eabi/lib/armv6-m\libg_nano.a(lib_a-memset.o)
 .data          0x00000000        0x0 c:/program files (x86)/cypress/psoc creator/3.3/psoc creator/import/gnu/arm/4.9.3/bin/../lib/gcc/arm-none-eabi/4.9.3/../../../../arm-none-eabi/lib/armv6-m\libg_nano.a(lib_a-memset.o)
 .bss           0x00000000        0x0 c:/program files (x86)/cypress/psoc creator/3.3/psoc creator/import/gnu/arm/4.9.3/bin/../lib/gcc/arm-none-eabi/4.9.3/../../../../arm-none-eabi/lib/armv6-m\libg_nano.a(lib_a-memset.o)
 .text          0x00000000        0x0 c:/program files (x86)/cypress/psoc creator/3.3/psoc creator/import/gnu/arm/4.9.3/bin/../lib/gcc/arm-none-eabi/4.9.3/armv6-m/crtend.o
 .data          0x00000000        0x0 c:/program files (x86)/cypress/psoc creator/3.3/psoc creator/import/gnu/arm/4.9.3/bin/../lib/gcc/arm-none-eabi/4.9.3/armv6-m/crtend.o
 .bss           0x00000000        0x0 c:/program files (x86)/cypress/psoc creator/3.3/psoc creator/import/gnu/arm/4.9.3/bin/../lib/gcc/arm-none-eabi/4.9.3/armv6-m/crtend.o
 .text          0x00000000        0x0 c:/program files (x86)/cypress/psoc creator/3.3/psoc creator/import/gnu/arm/4.9.3/bin/../lib/gcc/arm-none-eabi/4.9.3/armv6-m/crtn.o
 .data          0x00000000        0x0 c:/program files (x86)/cypress/psoc creator/3.3/psoc creator/import/gnu/arm/4.9.3/bin/../lib/gcc/arm-none-eabi/4.9.3/armv6-m/crtn.o
 .bss           0x00000000        0x0 c:/program files (x86)/cypress/psoc creator/3.3/psoc creator/import/gnu/arm/4.9.3/bin/../lib/gcc/arm-none-eabi/4.9.3/armv6-m/crtn.o

Memory Configuration

Name             Origin             Length             Attributes
rom              0x00000000         0x00020000         xr
ram              0x20000000         0x00004000         xrw
*default*        0x00000000         0xffffffff

Linker script and memory map

LOAD c:/program files (x86)/cypress/psoc creator/3.3/psoc creator/import/gnu/arm/4.9.3/bin/../lib/gcc/arm-none-eabi/4.9.3/armv6-m/crti.o
LOAD c:/program files (x86)/cypress/psoc creator/3.3/psoc creator/import/gnu/arm/4.9.3/bin/../lib/gcc/arm-none-eabi/4.9.3/armv6-m/crtbegin.o
LOAD c:/program files (x86)/cypress/psoc creator/3.3/psoc creator/import/gnu/arm/4.9.3/bin/../lib/gcc/arm-none-eabi/4.9.3/../../../../arm-none-eabi/lib/armv6-m/crt0.o
START GROUP
LOAD .\CortexM0\ARM_GCC_493\Debug\main.o
LOAD .\CortexM0\ARM_GCC_493\Debug\cymetadata.o
LOAD .\CortexM0\ARM_GCC_493\Debug\Cm0Start.o
LOAD .\CortexM0\ARM_GCC_493\Debug\RealFinal.a
LOAD C:\Program Files (x86)\Cypress\PSoC Creator\3.3\PSoC Creator\psoc\content\cycomponentlibrary\CyComponentLibrary.cylib\CortexM0\ARM_GCC_493\Debug\CyComponentLibrary.a
END GROUP
START GROUP
LOAD c:/program files (x86)/cypress/psoc creator/3.3/psoc creator/import/gnu/arm/4.9.3/bin/../lib/gcc/arm-none-eabi/4.9.3/armv6-m\libgcc.a
LOAD c:/program files (x86)/cypress/psoc creator/3.3/psoc creator/import/gnu/arm/4.9.3/bin/../lib/gcc/arm-none-eabi/4.9.3/../../../../arm-none-eabi/lib/armv6-m\libg_nano.a
LOAD c:/program files (x86)/cypress/psoc creator/3.3/psoc creator/import/gnu/arm/4.9.3/bin/../lib/gcc/arm-none-eabi/4.9.3/../../../../arm-none-eabi/lib/armv6-m\libc_nano.a
END GROUP
START GROUP
LOAD c:/program files (x86)/cypress/psoc creator/3.3/psoc creator/import/gnu/arm/4.9.3/bin/../lib/gcc/arm-none-eabi/4.9.3/armv6-m\libgcc.a
LOAD c:/program files (x86)/cypress/psoc creator/3.3/psoc creator/import/gnu/arm/4.9.3/bin/../lib/gcc/arm-none-eabi/4.9.3/../../../../arm-none-eabi/lib/armv6-m\libc_nano.a
END GROUP
LOAD c:/program files (x86)/cypress/psoc creator/3.3/psoc creator/import/gnu/arm/4.9.3/bin/../lib/gcc/arm-none-eabi/4.9.3/armv6-m/crtend.o
LOAD c:/program files (x86)/cypress/psoc creator/3.3/psoc creator/import/gnu/arm/4.9.3/bin/../lib/gcc/arm-none-eabi/4.9.3/armv6-m/crtn.o
START GROUP
LOAD c:/program files (x86)/cypress/psoc creator/3.3/psoc creator/import/gnu/arm/4.9.3/bin/../lib/gcc/arm-none-eabi/4.9.3/armv6-m\libgcc.a
LOAD c:/program files (x86)/cypress/psoc creator/3.3/psoc creator/import/gnu/arm/4.9.3/bin/../lib/gcc/arm-none-eabi/4.9.3/../../../../arm-none-eabi/lib/armv6-m\libc.a
LOAD c:/program files (x86)/cypress/psoc creator/3.3/psoc creator/import/gnu/arm/4.9.3/bin/../lib/gcc/arm-none-eabi/4.9.3/../../../../arm-none-eabi/lib/armv6-m\libnosys.a
END GROUP
                0x00000000                CY_APPL_ORIGIN = 0x0
                0x00000080                CY_FLASH_ROW_SIZE = 0x80
                0x00000001                CY_APPL_NUM = 0x1
                0x00000001                CY_APPL_MAX = 0x1
                0x00000040                CY_METADATA_SIZE = 0x40
                0x00000000                CY_APPL_LOADABLE = 0x0
                0x00000000                CY_CHECKSUM_EXCLUDE_SIZE = ALIGN (0x0, CY_FLASH_ROW_SIZE)
                0x00000000                CY_APP_FOR_STACK_AND_COPIER = 0x0
                0x20000140                PROVIDE (__cy_heap_start, _end)
                0x00000001                PROVIDE (__cy_region_num, ((__cy_regions_end - __cy_regions) / 0x10))
                0x20004000                PROVIDE (__cy_stack, (ORIGIN (ram) + 0x4000))
                0x20003800                PROVIDE (__cy_heap_end, (__cy_stack - 0x800))

.cybootloader   0x00000000        0x0
 *(.cybootloader)
                0x00000000                appl1_start = CY_APPL_ORIGIN?CY_APPL_ORIGIN:ALIGN (CY_FLASH_ROW_SIZE)
                0x0000ff80                appl2_start = (appl1_start + ALIGN ((((0x20000 - appl1_start) - (0x2 * CY_FLASH_ROW_SIZE)) / 0x2), CY_FLASH_ROW_SIZE))
                0x00000000                appl_start = (CY_APPL_NUM == 0x1)?appl1_start:appl2_start
                0x00000001                cy_project_type_bootloader = (appl_start == 0x0)?0x1:0x0
                0x00000000                cy_project_type_app_for_stack_and_copier = (CY_APP_FOR_STACK_AND_COPIER == 0x1)?0x1:0x0

.text           0x00000000     0x2888
 CREATE_OBJECT_SYMBOLS
                0x00000000                PROVIDE (__cy_interrupt_vector, RomVectors)
 *(.romvectors)
 .romvectors    0x00000000       0x10 .\CortexM0\ARM_GCC_493\Debug\Cm0Start.o
                0x00000000                RomVectors
                0x00000001                ASSERT ((. != __cy_interrupt_vector), No interrupt vector)
                0x00000001                ASSERT (CY_APPL_ORIGIN?(SIZEOF (.cybootloader) <= CY_APPL_ORIGIN):0x1, Wrong image location)
                0x00000010                PROVIDE (__cy_reset, Reset)
 *(.text.Reset)
 .text.Reset    0x00000010        0x8 .\CortexM0\ARM_GCC_493\Debug\Cm0Start.o
                0x00000010                Reset
                0x00000001                ASSERT ((. != __cy_reset), No reset code)
 *(.psocinit)
 .psocinit      0x00000018      0x1e4 .\CortexM0\ARM_GCC_493\Debug\RealFinal.a(cyfitter_cfg.o)
                0x000000e8                cyfitter_cfg
                0x000001fc                . = MAX (., 0x100)
 *(.text .text.* .gnu.linkonce.t.*)
 .text          0x000001fc       0x60 c:/program files (x86)/cypress/psoc creator/3.3/psoc creator/import/gnu/arm/4.9.3/bin/../lib/gcc/arm-none-eabi/4.9.3/armv6-m/crtbegin.o
 .text.TIMER_ISR
                0x0000025c       0x74 .\CortexM0\ARM_GCC_493\Debug\main.o
                0x0000025c                TIMER_ISR
 .text.create_servo
                0x000002d0       0x1c .\CortexM0\ARM_GCC_493\Debug\main.o
                0x000002d0                create_servo
 .text.set_servo
                0x000002ec       0x50 .\CortexM0\ARM_GCC_493\Debug\main.o
                0x000002ec                set_servo
 .text.main     0x0000033c       0xcc .\CortexM0\ARM_GCC_493\Debug\main.o
                0x0000033c                main
 .text.IntDefaultHandler
                0x00000408        0x4 .\CortexM0\ARM_GCC_493\Debug\Cm0Start.o
                0x00000408                IntDefaultHandler
 .text.Start_c  0x0000040c       0x48 .\CortexM0\ARM_GCC_493\Debug\Cm0Start.o
                0x0000040c                Start_c
 .text.initialize_psoc
                0x00000454       0x54 .\CortexM0\ARM_GCC_493\Debug\Cm0Start.o
                0x00000454                initialize_psoc
 .text.cfg_write_bytes32
                0x000004a8       0x34 .\CortexM0\ARM_GCC_493\Debug\RealFinal.a(cyfitter_cfg.o)
 .text.AnalogSetDefault
                0x000004dc       0x20 .\CortexM0\ARM_GCC_493\Debug\RealFinal.a(cyfitter_cfg.o)
 .text.CYMEMZERO
                0x000004fc        0xc .\CortexM0\ARM_GCC_493\Debug\RealFinal.a(cyfitter_cfg.o)
 .text.PWM_1_Enable
                0x00000508       0x10 .\CortexM0\ARM_GCC_493\Debug\RealFinal.a(PWM_1.o)
                0x00000508                PWM_1_Enable
 .text.PWM_1_WriteCompare1
                0x00000518        0xc .\CortexM0\ARM_GCC_493\Debug\RealFinal.a(PWM_1.o)
                0x00000518                PWM_1_WriteCompare1
 .text.PWM_1_WriteCompare2
                0x00000524        0xc .\CortexM0\ARM_GCC_493\Debug\RealFinal.a(PWM_1.o)
                0x00000524                PWM_1_WriteCompare2
 .text          0x00000530       0x20 .\CortexM0\ARM_GCC_493\Debug\RealFinal.a(CyBootAsmGnu.o)
                0x00000530                CyDelayCycles
                0x00000542                CyEnterCriticalSection
                0x0000054a                CyExitCriticalSection
 .text.CySysClkWriteImoFreq
                0x00000550       0x64 .\CortexM0\ARM_GCC_493\Debug\RealFinal.a(CyLib.o)
                0x00000550                CySysClkWriteImoFreq
 .text.CySysClkEcoReadStatus
                0x000005b4       0x10 .\CortexM0\ARM_GCC_493\Debug\RealFinal.a(CyLib.o)
                0x000005b4                CySysClkEcoReadStatus
 .text.CyIntEnable
                0x000005c4       0x14 .\CortexM0\ARM_GCC_493\Debug\RealFinal.a(CyLib.o)
                0x000005c4                CyIntEnable
 .text.CyHalt   0x000005d8        0x4 .\CortexM0\ARM_GCC_493\Debug\RealFinal.a(CyLib.o)
                0x000005d8                CyHalt
 .text.CyIntSetVector
                0x000005dc       0x24 .\CortexM0\ARM_GCC_493\Debug\RealFinal.a(CyLib.o)
                0x000005dc                CyIntSetVector
 .text.CyDelay  0x00000600       0x30 .\CortexM0\ARM_GCC_493\Debug\RealFinal.a(CyLib.o)
                0x00000600                CyDelay
 .text.CyDelayUs
                0x00000630       0x14 .\CortexM0\ARM_GCC_493\Debug\RealFinal.a(CyLib.o)
                0x00000630                CyDelayUs
 .text.CySysClkEcoStart
                0x00000644       0x54 .\CortexM0\ARM_GCC_493\Debug\RealFinal.a(CyLib.o)
                0x00000644                CySysClkEcoStart
 .text.CySysWdtLocked
                0x00000698       0x14 .\CortexM0\ARM_GCC_493\Debug\RealFinal.a(CyLFClk.o)
 .text.CySysClkWcoStart
                0x000006ac       0x40 .\CortexM0\ARM_GCC_493\Debug\RealFinal.a(CyLFClk.o)
                0x000006ac                CySysClkWcoStart
 .text.CySysClkWcoSetPowerMode
                0x000006ec       0x80 .\CortexM0\ARM_GCC_493\Debug\RealFinal.a(CyLFClk.o)
                0x000006ec                CySysClkWcoSetPowerMode
 .text.CySysWdtLock
                0x0000076c       0x1c .\CortexM0\ARM_GCC_493\Debug\RealFinal.a(CyLFClk.o)
                0x0000076c                CySysWdtLock
 .text.CySysWdtUnlock
                0x00000788       0x30 .\CortexM0\ARM_GCC_493\Debug\RealFinal.a(CyLFClk.o)
                0x00000788                CySysWdtUnlock
 .text.CySysWdtClearInterrupt
                0x000007b8       0x4c .\CortexM0\ARM_GCC_493\Debug\RealFinal.a(CyLFClk.o)
                0x000007b8                CySysWdtClearInterrupt
 .text.CySysWdtIsr
                0x00000804       0xa4 .\CortexM0\ARM_GCC_493\Debug\RealFinal.a(CyLFClk.o)
                0x00000804                CySysWdtIsr
 .text.Servo_En_1_Write
                0x000008a8       0x18 .\CortexM0\ARM_GCC_493\Debug\RealFinal.a(Servo_En_1.o)
                0x000008a8                Servo_En_1_Write
 .text.Servo_En_2_Write
                0x000008c0       0x18 .\CortexM0\ARM_GCC_493\Debug\RealFinal.a(Servo_En_2.o)
                0x000008c0                Servo_En_2_Write
 .text.LED_3_Write
                0x000008d8       0x18 .\CortexM0\ARM_GCC_493\Debug\RealFinal.a(LED_3.o)
                0x000008d8                LED_3_Write
 .text.LED_2_Write
                0x000008f0       0x18 .\CortexM0\ARM_GCC_493\Debug\RealFinal.a(LED_2.o)
                0x000008f0                LED_2_Write
 .text.LED_1_Write
                0x00000908       0x18 .\CortexM0\ARM_GCC_493\Debug\RealFinal.a(LED_1.o)
                0x00000908                LED_1_Write
 .text.Countdown_Enable
                0x00000920       0x10 .\CortexM0\ARM_GCC_493\Debug\RealFinal.a(Countdown.o)
                0x00000920                Countdown_Enable
 .text.Countdown_SetInterruptMode
                0x00000930        0xc .\CortexM0\ARM_GCC_493\Debug\RealFinal.a(Countdown.o)
                0x00000930                Countdown_SetInterruptMode
 .text.Countdown_ReadStatusRegister
                0x0000093c        0xc .\CortexM0\ARM_GCC_493\Debug\RealFinal.a(Countdown.o)
                0x0000093c                Countdown_ReadStatusRegister
 .text.Countdown_WritePeriod
                0x00000948        0xc .\CortexM0\ARM_GCC_493\Debug\RealFinal.a(Countdown.o)
                0x00000948                Countdown_WritePeriod
 .text.Countdown_ReadCapture
                0x00000954        0xc .\CortexM0\ARM_GCC_493\Debug\RealFinal.a(Countdown.o)
                0x00000954                Countdown_ReadCapture
 .text.Countdown_WriteCounter
                0x00000960        0xc .\CortexM0\ARM_GCC_493\Debug\RealFinal.a(Countdown.o)
                0x00000960                Countdown_WriteCounter
 .text.Countdown_ClearFIFO
                0x0000096c       0x14 .\CortexM0\ARM_GCC_493\Debug\RealFinal.a(Countdown.o)
                0x0000096c                Countdown_ClearFIFO
 .text.Countdown_Init
                0x00000980       0x38 .\CortexM0\ARM_GCC_493\Debug\RealFinal.a(Countdown.o)
                0x00000980                Countdown_Init
 .text.Countdown_Start
                0x000009b8       0x20 .\CortexM0\ARM_GCC_493\Debug\RealFinal.a(Countdown.o)
                0x000009b8                Countdown_Start
 .text.timer_interrupt_SetVector
                0x000009d8        0xc .\CortexM0\ARM_GCC_493\Debug\RealFinal.a(timer_interrupt.o)
                0x000009d8                timer_interrupt_SetVector
 .text.timer_interrupt_SetPriority
                0x000009e4       0x24 .\CortexM0\ARM_GCC_493\Debug\RealFinal.a(timer_interrupt.o)
                0x000009e4                timer_interrupt_SetPriority
 .text.timer_interrupt_Enable
                0x00000a08        0xc .\CortexM0\ARM_GCC_493\Debug\RealFinal.a(timer_interrupt.o)
                0x00000a08                timer_interrupt_Enable
 .text.timer_interrupt_Disable
                0x00000a14        0xc .\CortexM0\ARM_GCC_493\Debug\RealFinal.a(timer_interrupt.o)
                0x00000a14                timer_interrupt_Disable
 .text.timer_interrupt_StartEx
                0x00000a20       0x1c .\CortexM0\ARM_GCC_493\Debug\RealFinal.a(timer_interrupt.o)
                0x00000a20                timer_interrupt_StartEx
 .text          0x00000a3c      0x120 c:/program files (x86)/cypress/psoc creator/3.3/psoc creator/import/gnu/arm/4.9.3/bin/../lib/gcc/arm-none-eabi/4.9.3/armv6-m\libgcc.a(_udivsi3.o)
                0x00000a3c                __aeabi_uidiv
                0x00000a3c                __udivsi3
                0x00000b48                __aeabi_uidivmod
 .text          0x00000b5c        0x4 c:/program files (x86)/cypress/psoc creator/3.3/psoc creator/import/gnu/arm/4.9.3/bin/../lib/gcc/arm-none-eabi/4.9.3/armv6-m\libgcc.a(_dvmd_tls.o)
                0x00000b5c                __aeabi_idiv0
                0x00000b5c                __aeabi_ldiv0
 .text          0x00000b60       0x3c c:/program files (x86)/cypress/psoc creator/3.3/psoc creator/import/gnu/arm/4.9.3/bin/../lib/gcc/arm-none-eabi/4.9.3/armv6-m\libgcc.a(_fixunsdfsi.o)
                0x00000b60                __aeabi_d2uiz
                0x00000b60                __fixunsdfsi
 .text          0x00000b9c      0x650 c:/program files (x86)/cypress/psoc creator/3.3/psoc creator/import/gnu/arm/4.9.3/bin/../lib/gcc/arm-none-eabi/4.9.3/armv6-m\libgcc.a(adddf3.o)
                0x00000b9c                __aeabi_dadd
 .text          0x000011ec      0x648 c:/program files (x86)/cypress/psoc creator/3.3/psoc creator/import/gnu/arm/4.9.3/bin/../lib/gcc/arm-none-eabi/4.9.3/armv6-m\libgcc.a(divdf3.o)
                0x000011ec                __aeabi_ddiv
 .text          0x00001834      0x534 c:/program files (x86)/cypress/psoc creator/3.3/psoc creator/import/gnu/arm/4.9.3/bin/../lib/gcc/arm-none-eabi/4.9.3/armv6-m\libgcc.a(muldf3.o)
                0x00001834                __aeabi_dmul
 .text          0x00001d68      0x6f4 c:/program files (x86)/cypress/psoc creator/3.3/psoc creator/import/gnu/arm/4.9.3/bin/../lib/gcc/arm-none-eabi/4.9.3/armv6-m\libgcc.a(subdf3.o)
                0x00001d68                __aeabi_dsub
 .text          0x0000245c       0x6c c:/program files (x86)/cypress/psoc creator/3.3/psoc creator/import/gnu/arm/4.9.3/bin/../lib/gcc/arm-none-eabi/4.9.3/armv6-m\libgcc.a(fixdfsi.o)
                0x0000245c                __aeabi_d2iz
 .text          0x000024c8       0x78 c:/program files (x86)/cypress/psoc creator/3.3/psoc creator/import/gnu/arm/4.9.3/bin/../lib/gcc/arm-none-eabi/4.9.3/armv6-m\libgcc.a(floatsidf.o)
                0x000024c8                __aeabi_i2d
 .text          0x00002540       0x7c c:/program files (x86)/cypress/psoc creator/3.3/psoc creator/import/gnu/arm/4.9.3/bin/../lib/gcc/arm-none-eabi/4.9.3/armv6-m\libgcc.a(_arm_cmpdf2.o)
                0x00002540                __aeabi_cdrcmple
                0x00002550                __aeabi_cdcmple
                0x00002550                __aeabi_cdcmpeq
                0x00002560                __aeabi_dcmpeq
                0x0000256c                __aeabi_dcmplt
                0x00002580                __aeabi_dcmple
                0x00002594                __aeabi_dcmpgt
                0x000025a8                __aeabi_dcmpge
 .text          0x000025bc       0x3c c:/program files (x86)/cypress/psoc creator/3.3/psoc creator/import/gnu/arm/4.9.3/bin/../lib/gcc/arm-none-eabi/4.9.3/armv6-m\libgcc.a(_clzsi2.o)
                0x000025bc                __clzsi2
 .text          0x000025f8       0x88 c:/program files (x86)/cypress/psoc creator/3.3/psoc creator/import/gnu/arm/4.9.3/bin/../lib/gcc/arm-none-eabi/4.9.3/armv6-m\libgcc.a(eqdf2.o)
                0x000025f8                __nedf2
                0x000025f8                __eqdf2
 .text          0x00002680       0xe0 c:/program files (x86)/cypress/psoc creator/3.3/psoc creator/import/gnu/arm/4.9.3/bin/../lib/gcc/arm-none-eabi/4.9.3/armv6-m\libgcc.a(gedf2.o)
                0x00002680                __gedf2
                0x00002680                __gtdf2
 .text          0x00002760       0xcc c:/program files (x86)/cypress/psoc creator/3.3/psoc creator/import/gnu/arm/4.9.3/bin/../lib/gcc/arm-none-eabi/4.9.3/armv6-m\libgcc.a(ledf2.o)
                0x00002760                __ledf2
                0x00002760                __ltdf2
 .text.__libc_init_array
                0x0000282c       0x4c c:/program files (x86)/cypress/psoc creator/3.3/psoc creator/import/gnu/arm/4.9.3/bin/../lib/gcc/arm-none-eabi/4.9.3/../../../../arm-none-eabi/lib/armv6-m\libg_nano.a(lib_a-init.o)
                0x0000282c                __libc_init_array
 .text.memset   0x00002878       0x10 c:/program files (x86)/cypress/psoc creator/3.3/psoc creator/import/gnu/arm/4.9.3/bin/../lib/gcc/arm-none-eabi/4.9.3/../../../../arm-none-eabi/lib/armv6-m\libg_nano.a(lib_a-memset.o)
                0x00002878                memset
 *(.plt)
 *(.gnu.warning)
 *(.glue_7t)
 .glue_7t       0x00000000        0x0 linker stubs
 *(.glue_7)
 .glue_7        0x00000000        0x0 linker stubs
 *(.vfp11_veneer)
 .vfp11_veneer  0x00000000        0x0 linker stubs
 *(.bootloader)
 *(.ARM.extab* .gnu.linkonce.armextab.*)
 *(.gcc_except_table)

.v4_bx          0x00002888        0x0
 .v4_bx         0x00000000        0x0 linker stubs

.iplt           0x00002888        0x0
 .iplt          0x00000000        0x0 c:/program files (x86)/cypress/psoc creator/3.3/psoc creator/import/gnu/arm/4.9.3/bin/../lib/gcc/arm-none-eabi/4.9.3/armv6-m/crtbegin.o

.eh_frame_hdr
 *(.eh_frame_hdr)

.eh_frame       0x00002888        0x4
 *(.eh_frame)
 .eh_frame      0x00002888        0x0 c:/program files (x86)/cypress/psoc creator/3.3/psoc creator/import/gnu/arm/4.9.3/bin/../lib/gcc/arm-none-eabi/4.9.3/armv6-m/crtbegin.o
 .eh_frame      0x00002888        0x4 c:/program files (x86)/cypress/psoc creator/3.3/psoc creator/import/gnu/arm/4.9.3/bin/../lib/gcc/arm-none-eabi/4.9.3/armv6-m/crtend.o
                0x0000288c                PROVIDE (__exidx_start, .)

.ARM.exidx
 *(.ARM.exidx* .gnu.linkonce.armexidx.*)
                0x0000288c                __exidx_end = .

.rodata         0x0000288c      0x2bc
 *(.rodata .rodata.* .gnu.linkonce.r.*)
 .rodata        0x0000288c      0x1d8 .\CortexM0\ARM_GCC_493\Debug\RealFinal.a(cyfitter_cfg.o)
 .rodata        0x00002a64       0x30 .\CortexM0\ARM_GCC_493\Debug\RealFinal.a(CyLib.o)
                0x00002a64                cyImoFreqMhz2Reg
 .rodata        0x00002a94       0x40 c:/program files (x86)/cypress/psoc creator/3.3/psoc creator/import/gnu/arm/4.9.3/bin/../lib/gcc/arm-none-eabi/4.9.3/armv6-m\libgcc.a(divdf3.o)
 .rodata        0x00002ad4       0x40 c:/program files (x86)/cypress/psoc creator/3.3/psoc creator/import/gnu/arm/4.9.3/bin/../lib/gcc/arm-none-eabi/4.9.3/armv6-m\libgcc.a(muldf3.o)
                0x00002b14                . = ALIGN (0x4)
 *(.init)
 .init          0x00002b14        0x4 c:/program files (x86)/cypress/psoc creator/3.3/psoc creator/import/gnu/arm/4.9.3/bin/../lib/gcc/arm-none-eabi/4.9.3/armv6-m/crti.o
                0x00002b14                _init
 .init          0x00002b18        0x8 c:/program files (x86)/cypress/psoc creator/3.3/psoc creator/import/gnu/arm/4.9.3/bin/../lib/gcc/arm-none-eabi/4.9.3/armv6-m/crtn.o
                0x00002b20                . = ALIGN (0x4)
                0x00002b20                __preinit_array_start = .
 *(.preinit_array)
                0x00002b20                __preinit_array_end = .
                0x00002b20                . = ALIGN (0x4)
                0x00002b20                __init_array_start = .
 *(SORT(.init_array.*))
 *(.init_array)
 .init_array    0x00002b20        0x4 c:/program files (x86)/cypress/psoc creator/3.3/psoc creator/import/gnu/arm/4.9.3/bin/../lib/gcc/arm-none-eabi/4.9.3/armv6-m/crtbegin.o
 .init_array    0x00002b24        0x4 .\CortexM0\ARM_GCC_493\Debug\Cm0Start.o
                0x00002b28                __init_array_end = .
                0x00002b28                . = ALIGN (0x4)
 *(.fini)
 .fini          0x00002b28        0x4 c:/program files (x86)/cypress/psoc creator/3.3/psoc creator/import/gnu/arm/4.9.3/bin/../lib/gcc/arm-none-eabi/4.9.3/armv6-m/crti.o
                0x00002b28                _fini
 .fini          0x00002b2c        0x8 c:/program files (x86)/cypress/psoc creator/3.3/psoc creator/import/gnu/arm/4.9.3/bin/../lib/gcc/arm-none-eabi/4.9.3/armv6-m/crtn.o
                0x00002b34                . = ALIGN (0x4)
                0x00002b34                __fini_array_start = .
 *(.fini_array)
 .fini_array    0x00002b34        0x4 c:/program files (x86)/cypress/psoc creator/3.3/psoc creator/import/gnu/arm/4.9.3/bin/../lib/gcc/arm-none-eabi/4.9.3/armv6-m/crtbegin.o
 *(SORT(.fini_array.*))
                0x00002b38                __fini_array_end = .
                0x00002b38                . = ALIGN (0x4)
 *crtbegin.o(.ctors)
 *(EXCLUDE_FILE(*crtend.o) .ctors)
 *(SORT(.ctors.*))
 *crtend.o(.ctors)
                0x00002b38                . = ALIGN (0x4)
 *crtbegin.o(.dtors)
 *(EXCLUDE_FILE(*crtend.o) .dtors)
 *(SORT(.dtors.*))
 *crtend.o(.dtors)
                0x00002b38                . = ALIGN (0x4)
                0x00002b38                __cy_regions = .
                0x00002b38        0x4 LONG 0x2b48 __cy_region_init_ram
                0x00002b3c        0x4 LONG 0x200000c8 __cy_region_start_data
                0x00002b40        0x4 LONG 0x28 __cy_region_init_size_ram
                0x00002b44        0x4 LONG 0x50 __cy_region_zero_size_ram
                0x00002b48                __cy_regions_end = .
                0x00002b48                . = ALIGN (0x8)
                0x00002b48                _etext = .

.cy_checksum_exclude
                0x00002b48        0x0
 *(.cy_checksum_exclude)

.ramvectors     0x20000000       0xc0
                0x20000000                __cy_region_start_ram = .
 *(.ramvectors)
 .ramvectors    0x20000000       0xc0 .\CortexM0\ARM_GCC_493\Debug\Cm0Start.o
                0x20000000                CyRamVectors

.noinit         0x200000c0        0x4
 *(.noinit)
 .noinit        0x200000c0        0x4 .\CortexM0\ARM_GCC_493\Debug\Cm0Start.o

.data           0x200000c8       0x28 load address 0x00002b48
                0x200000c8                __cy_region_start_data = .
 *(.jcr)
 .jcr           0x200000c8        0x0 c:/program files (x86)/cypress/psoc creator/3.3/psoc creator/import/gnu/arm/4.9.3/bin/../lib/gcc/arm-none-eabi/4.9.3/armv6-m/crtbegin.o
 .jcr           0x200000c8        0x4 c:/program files (x86)/cypress/psoc creator/3.3/psoc creator/import/gnu/arm/4.9.3/bin/../lib/gcc/arm-none-eabi/4.9.3/armv6-m/crtend.o
 *(.got.plt)
 *(.got)
 *(.shdata)
 *(.data .data.* .gnu.linkonce.d.*)
 .data          0x200000cc        0x8 .\CortexM0\ARM_GCC_493\Debug\main.o
                0x200000cc                count
                0x200000d0                battery_state
 .data          0x200000d4       0x10 .\CortexM0\ARM_GCC_493\Debug\RealFinal.a(CyLib.o)
                0x200000d4                cydelay32kMs
                0x200000d8                cydelayFreqKhz
                0x200000dc                cydelayFreqMhz
                0x200000e0                cydelayFreqHz
 .data          0x200000e4        0x8 .\CortexM0\ARM_GCC_493\Debug\RealFinal.a(CyLFClk.o)
                0x200000f0                . = ALIGN (0x8)
 *fill*         0x200000ec        0x4 
 *(.ram)
                0x200000f0                _edata = .

.igot.plt       0x200000f0        0x0 load address 0x00002b70
 .igot.plt      0x00000000        0x0 c:/program files (x86)/cypress/psoc creator/3.3/psoc creator/import/gnu/arm/4.9.3/bin/../lib/gcc/arm-none-eabi/4.9.3/armv6-m/crtbegin.o

.bss            0x200000f0       0x50 load address 0x00002b70
                0x200000f0                PROVIDE (__bss_start__, .)
 *(.shbss)
 *(.bss .bss.* .gnu.linkonce.b.*)
 .bss           0x200000f0       0x1c c:/program files (x86)/cypress/psoc creator/3.3/psoc creator/import/gnu/arm/4.9.3/bin/../lib/gcc/arm-none-eabi/4.9.3/armv6-m/crtbegin.o
 .bss           0x2000010c        0x4 .\CortexM0\ARM_GCC_493\Debug\main.o
                0x2000010c                system_state
 .bss           0x20000110       0x28 .\CortexM0\ARM_GCC_493\Debug\RealFinal.a(CyLFClk.o)
 .bss           0x20000138        0x1 .\CortexM0\ARM_GCC_493\Debug\RealFinal.a(Countdown.o)
                0x20000138                Countdown_initVar
 *(COMMON)
 *fill*         0x20000139        0x3 
 COMMON         0x2000013c        0x4 .\CortexM0\ARM_GCC_493\Debug\main.o
                0x2000013c                dumb_placeholder
                0x20000140                . = ALIGN (0x8)
 *(.ram.b)
                0x20000140                _end = .
                0x20000140                __end = .
                0x20000140                PROVIDE (end, .)
                0x20000140                PROVIDE (__bss_end__, .)
                0x00002b48                __cy_region_init_ram = LOADADDR (.data)
                0x00000028                __cy_region_init_size_ram = (_edata - ADDR (.data))
                0x00000050                __cy_region_zero_size_ram = (_end - _edata)

.heap           0x20000140       0x80 load address 0x00002b70
                0x20000140                . = _end
                0x200001c0                . = (. + 0x80)
 *fill*         0x20000140       0x80 
                0x200001c0                __cy_heap_limit = .

.stack          0x20003800      0x800
                0x20003800                __cy_stack_limit = .
                0x20004000                . = (. + 0x800)
 *fill*         0x20003800      0x800 
                0x00000001                ASSERT ((__cy_stack_limit >= __cy_heap_limit), region RAM overflowed with stack)
                0x00000000                cy_checksum_exclude_size = (CY_APPL_LOADABLE == 0x1)?SIZEOF (.cy_checksum_exclude):0x0
                0x00000001                ASSERT ((cy_checksum_exclude_size <= CY_CHECKSUM_EXCLUDE_SIZE), CY_BOOT: Section .cy_checksum_exclude size exceedes specified limit.)
                0x0001ffc0                cyloadermeta_start = (cy_project_type_bootloader || cy_project_type_app_for_stack_and_copier)?(0x20000 - CY_METADATA_SIZE):0xf0000000

.cyloadermeta
 *(.cyloadermeta)
                0x0001ffc0                cyloadablemeta_start = cy_project_type_app_for_stack_and_copier?((0x20000 - CY_FLASH_ROW_SIZE) - CY_METADATA_SIZE):((0x20000 - (CY_FLASH_ROW_SIZE * (CY_APPL_NUM - 0x1))) - CY_METADATA_SIZE)

.cyloadablemeta
 *(.cyloadablemeta)

.cyflashprotect
                0x90400000       0x80
 *(.cyflashprotect)
 .cyflashprotect
                0x90400000       0x80 .\CortexM0\ARM_GCC_493\Debug\cymetadata.o
                0x90400000                cy_meta_flashprotect

.cymeta         0x90500000        0xc
 *(.cymeta)
 .cymeta        0x90500000        0xc .\CortexM0\ARM_GCC_493\Debug\cymetadata.o
                0x90500000                cy_metadata

.cychipprotect  0x90600000        0x4
 *(.cychipprotect)
 .cychipprotect
                0x90600000        0x4 .\CortexM0\ARM_GCC_493\Debug\cymetadata.o
                0x90600000                cy_meta_chipprotect

.rel.dyn        0x00002b70        0x0 load address 0x90600004
 .rel.iplt      0x00000000        0x0 c:/program files (x86)/cypress/psoc creator/3.3/psoc creator/import/gnu/arm/4.9.3/bin/../lib/gcc/arm-none-eabi/4.9.3/armv6-m/crtbegin.o

.stab
 *(.stab)

.stabstr
 *(.stabstr)

.debug
 *(.debug)

.line
 *(.line)

.debug_srcinfo
 *(.debug_srcinfo)

.debug_sfnames
 *(.debug_sfnames)

.debug_aranges  0x00000000      0x740
 *(.debug_aranges)
 .debug_aranges
                0x00000000       0x38 .\CortexM0\ARM_GCC_493\Debug\main.o
 .debug_aranges
                0x00000038       0x18 .\CortexM0\ARM_GCC_493\Debug\cymetadata.o
 .debug_aranges
                0x00000050       0x48 .\CortexM0\ARM_GCC_493\Debug\Cm0Start.o
 .debug_aranges
                0x00000098       0x40 .\CortexM0\ARM_GCC_493\Debug\RealFinal.a(cyfitter_cfg.o)
 .debug_aranges
                0x000000d8       0xa8 .\CortexM0\ARM_GCC_493\Debug\RealFinal.a(PWM_1.o)
 .debug_aranges
                0x00000180       0x20 .\CortexM0\ARM_GCC_493\Debug\RealFinal.a(CyBootAsmGnu.o)
 .debug_aranges
                0x000001a0      0x1a0 .\CortexM0\ARM_GCC_493\Debug\RealFinal.a(CyLib.o)
 .debug_aranges
                0x00000340      0x188 .\CortexM0\ARM_GCC_493\Debug\RealFinal.a(CyLFClk.o)
 .debug_aranges
                0x000004c8       0x48 .\CortexM0\ARM_GCC_493\Debug\RealFinal.a(Servo_En_1.o)
 .debug_aranges
                0x00000510       0x48 .\CortexM0\ARM_GCC_493\Debug\RealFinal.a(Servo_En_2.o)
 .debug_aranges
                0x00000558       0x48 .\CortexM0\ARM_GCC_493\Debug\RealFinal.a(LED_3.o)
 .debug_aranges
                0x000005a0       0x48 .\CortexM0\ARM_GCC_493\Debug\RealFinal.a(LED_2.o)
 .debug_aranges
                0x000005e8       0x48 .\CortexM0\ARM_GCC_493\Debug\RealFinal.a(LED_1.o)
 .debug_aranges
                0x00000630       0x90 .\CortexM0\ARM_GCC_493\Debug\RealFinal.a(Countdown.o)
 .debug_aranges
                0x000006c0       0x80 .\CortexM0\ARM_GCC_493\Debug\RealFinal.a(timer_interrupt.o)

.debug_pubnames
 *(.debug_pubnames)

.debug_info     0x00000000     0x3bc9
 *(.debug_info .gnu.linkonce.wi.*)
 .debug_info    0x00000000      0x47c .\CortexM0\ARM_GCC_493\Debug\main.o
 .debug_info    0x0000047c       0xfe .\CortexM0\ARM_GCC_493\Debug\cymetadata.o
 .debug_info    0x0000057a      0x38c .\CortexM0\ARM_GCC_493\Debug\Cm0Start.o
 .debug_info    0x00000906      0x4a5 .\CortexM0\ARM_GCC_493\Debug\RealFinal.a(cyfitter_cfg.o)
 .debug_info    0x00000dab      0x39b .\CortexM0\ARM_GCC_493\Debug\RealFinal.a(PWM_1.o)
 .debug_info    0x00001146       0x8b .\CortexM0\ARM_GCC_493\Debug\RealFinal.a(CyBootAsmGnu.o)
 .debug_info    0x000011d1      0xb8f .\CortexM0\ARM_GCC_493\Debug\RealFinal.a(CyLib.o)
 .debug_info    0x00001d60     0x106f .\CortexM0\ARM_GCC_493\Debug\RealFinal.a(CyLFClk.o)
 .debug_info    0x00002dcf      0x19d .\CortexM0\ARM_GCC_493\Debug\RealFinal.a(Servo_En_1.o)
 .debug_info    0x00002f6c      0x19d .\CortexM0\ARM_GCC_493\Debug\RealFinal.a(Servo_En_2.o)
 .debug_info    0x00003109      0x19d .\CortexM0\ARM_GCC_493\Debug\RealFinal.a(LED_3.o)
 .debug_info    0x000032a6      0x19d .\CortexM0\ARM_GCC_493\Debug\RealFinal.a(LED_2.o)
 .debug_info    0x00003443      0x19d .\CortexM0\ARM_GCC_493\Debug\RealFinal.a(LED_1.o)
 .debug_info    0x000035e0      0x2e9 .\CortexM0\ARM_GCC_493\Debug\RealFinal.a(Countdown.o)
 .debug_info    0x000038c9      0x300 .\CortexM0\ARM_GCC_493\Debug\RealFinal.a(timer_interrupt.o)

.debug_abbrev   0x00000000     0x1301
 *(.debug_abbrev)
 .debug_abbrev  0x00000000      0x1e8 .\CortexM0\ARM_GCC_493\Debug\main.o
 .debug_abbrev  0x000001e8       0x5d .\CortexM0\ARM_GCC_493\Debug\cymetadata.o
 .debug_abbrev  0x00000245      0x1fe .\CortexM0\ARM_GCC_493\Debug\Cm0Start.o
 .debug_abbrev  0x00000443      0x1fc .\CortexM0\ARM_GCC_493\Debug\RealFinal.a(cyfitter_cfg.o)
 .debug_abbrev  0x0000063f      0x14d .\CortexM0\ARM_GCC_493\Debug\RealFinal.a(PWM_1.o)
 .debug_abbrev  0x0000078c       0x14 .\CortexM0\ARM_GCC_493\Debug\RealFinal.a(CyBootAsmGnu.o)
 .debug_abbrev  0x000007a0      0x20d .\CortexM0\ARM_GCC_493\Debug\RealFinal.a(CyLib.o)
 .debug_abbrev  0x000009ad      0x273 .\CortexM0\ARM_GCC_493\Debug\RealFinal.a(CyLFClk.o)
 .debug_abbrev  0x00000c20       0xc8 .\CortexM0\ARM_GCC_493\Debug\RealFinal.a(Servo_En_1.o)
 .debug_abbrev  0x00000ce8       0xc8 .\CortexM0\ARM_GCC_493\Debug\RealFinal.a(Servo_En_2.o)
 .debug_abbrev  0x00000db0       0xc8 .\CortexM0\ARM_GCC_493\Debug\RealFinal.a(LED_3.o)
 .debug_abbrev  0x00000e78       0xc8 .\CortexM0\ARM_GCC_493\Debug\RealFinal.a(LED_2.o)
 .debug_abbrev  0x00000f40       0xc8 .\CortexM0\ARM_GCC_493\Debug\RealFinal.a(LED_1.o)
 .debug_abbrev  0x00001008      0x145 .\CortexM0\ARM_GCC_493\Debug\RealFinal.a(Countdown.o)
 .debug_abbrev  0x0000114d      0x1b4 .\CortexM0\ARM_GCC_493\Debug\RealFinal.a(timer_interrupt.o)

.debug_line     0x00000000     0x19b0
 *(.debug_line)
 .debug_line    0x00000000      0x22a .\CortexM0\ARM_GCC_493\Debug\main.o
 .debug_line    0x0000022a       0x53 .\CortexM0\ARM_GCC_493\Debug\cymetadata.o
 .debug_line    0x0000027d      0x249 .\CortexM0\ARM_GCC_493\Debug\Cm0Start.o
 .debug_line    0x000004c6      0x193 .\CortexM0\ARM_GCC_493\Debug\RealFinal.a(cyfitter_cfg.o)
 .debug_line    0x00000659      0x1b8 .\CortexM0\ARM_GCC_493\Debug\RealFinal.a(PWM_1.o)
 .debug_line    0x00000811       0x6a .\CortexM0\ARM_GCC_493\Debug\RealFinal.a(CyBootAsmGnu.o)
 .debug_line    0x0000087b      0x49f .\CortexM0\ARM_GCC_493\Debug\RealFinal.a(CyLib.o)
 .debug_line    0x00000d1a      0x5de .\CortexM0\ARM_GCC_493\Debug\RealFinal.a(CyLFClk.o)
 .debug_line    0x000012f8       0xc4 .\CortexM0\ARM_GCC_493\Debug\RealFinal.a(Servo_En_1.o)
 .debug_line    0x000013bc       0xc4 .\CortexM0\ARM_GCC_493\Debug\RealFinal.a(Servo_En_2.o)
 .debug_line    0x00001480       0xbf .\CortexM0\ARM_GCC_493\Debug\RealFinal.a(LED_3.o)
 .debug_line    0x0000153f       0xbf .\CortexM0\ARM_GCC_493\Debug\RealFinal.a(LED_2.o)
 .debug_line    0x000015fe       0xbf .\CortexM0\ARM_GCC_493\Debug\RealFinal.a(LED_1.o)
 .debug_line    0x000016bd      0x17f .\CortexM0\ARM_GCC_493\Debug\RealFinal.a(Countdown.o)
 .debug_line    0x0000183c      0x174 .\CortexM0\ARM_GCC_493\Debug\RealFinal.a(timer_interrupt.o)

.debug_frame    0x00000000     0x1350
 *(.debug_frame)
 .debug_frame   0x00000000       0x90 .\CortexM0\ARM_GCC_493\Debug\main.o
 .debug_frame   0x00000090       0xb0 .\CortexM0\ARM_GCC_493\Debug\Cm0Start.o
 .debug_frame   0x00000140       0x9c .\CortexM0\ARM_GCC_493\Debug\RealFinal.a(cyfitter_cfg.o)
 .debug_frame   0x000001dc      0x158 .\CortexM0\ARM_GCC_493\Debug\RealFinal.a(PWM_1.o)
 .debug_frame   0x00000334      0x424 .\CortexM0\ARM_GCC_493\Debug\RealFinal.a(CyLib.o)
 .debug_frame   0x00000758      0x4a8 .\CortexM0\ARM_GCC_493\Debug\RealFinal.a(CyLFClk.o)
 .debug_frame   0x00000c00       0x70 .\CortexM0\ARM_GCC_493\Debug\RealFinal.a(Servo_En_1.o)
 .debug_frame   0x00000c70       0x70 .\CortexM0\ARM_GCC_493\Debug\RealFinal.a(Servo_En_2.o)
 .debug_frame   0x00000ce0       0x70 .\CortexM0\ARM_GCC_493\Debug\RealFinal.a(LED_3.o)
 .debug_frame   0x00000d50       0x70 .\CortexM0\ARM_GCC_493\Debug\RealFinal.a(LED_2.o)
 .debug_frame   0x00000dc0       0x70 .\CortexM0\ARM_GCC_493\Debug\RealFinal.a(LED_1.o)
 .debug_frame   0x00000e30      0x124 .\CortexM0\ARM_GCC_493\Debug\RealFinal.a(Countdown.o)
 .debug_frame   0x00000f54      0x110 .\CortexM0\ARM_GCC_493\Debug\RealFinal.a(timer_interrupt.o)
 .debug_frame   0x00001064       0x20 c:/program files (x86)/cypress/psoc creator/3.3/psoc creator/import/gnu/arm/4.9.3/bin/../lib/gcc/arm-none-eabi/4.9.3/armv6-m\libgcc.a(_udivsi3.o)
 .debug_frame   0x00001084       0x20 c:/program files (x86)/cypress/psoc creator/3.3/psoc creator/import/gnu/arm/4.9.3/bin/../lib/gcc/arm-none-eabi/4.9.3/armv6-m\libgcc.a(_divsi3.o)
 .debug_frame   0x000010a4       0x2c c:/program files (x86)/cypress/psoc creator/3.3/psoc creator/import/gnu/arm/4.9.3/bin/../lib/gcc/arm-none-eabi/4.9.3/armv6-m\libgcc.a(_fixunsdfsi.o)
 .debug_frame   0x000010d0       0x38 c:/program files (x86)/cypress/psoc creator/3.3/psoc creator/import/gnu/arm/4.9.3/bin/../lib/gcc/arm-none-eabi/4.9.3/armv6-m\libgcc.a(adddf3.o)
 .debug_frame   0x00001108       0x3c c:/program files (x86)/cypress/psoc creator/3.3/psoc creator/import/gnu/arm/4.9.3/bin/../lib/gcc/arm-none-eabi/4.9.3/armv6-m\libgcc.a(divdf3.o)
 .debug_frame   0x00001144       0x3c c:/program files (x86)/cypress/psoc creator/3.3/psoc creator/import/gnu/arm/4.9.3/bin/../lib/gcc/arm-none-eabi/4.9.3/armv6-m\libgcc.a(muldf3.o)
 .debug_frame   0x00001180       0x3c c:/program files (x86)/cypress/psoc creator/3.3/psoc creator/import/gnu/arm/4.9.3/bin/../lib/gcc/arm-none-eabi/4.9.3/armv6-m\libgcc.a(subdf3.o)
 .debug_frame   0x000011bc       0x2c c:/program files (x86)/cypress/psoc creator/3.3/psoc creator/import/gnu/arm/4.9.3/bin/../lib/gcc/arm-none-eabi/4.9.3/armv6-m\libgcc.a(fixdfsi.o)
 .debug_frame   0x000011e8       0x2c c:/program files (x86)/cypress/psoc creator/3.3/psoc creator/import/gnu/arm/4.9.3/bin/../lib/gcc/arm-none-eabi/4.9.3/armv6-m\libgcc.a(floatsidf.o)
 .debug_frame   0x00001214       0x38 c:/program files (x86)/cypress/psoc creator/3.3/psoc creator/import/gnu/arm/4.9.3/bin/../lib/gcc/arm-none-eabi/4.9.3/armv6-m\libgcc.a(eqdf2.o)
 .debug_frame   0x0000124c       0x38 c:/program files (x86)/cypress/psoc creator/3.3/psoc creator/import/gnu/arm/4.9.3/bin/../lib/gcc/arm-none-eabi/4.9.3/armv6-m\libgcc.a(gedf2.o)
 .debug_frame   0x00001284       0x38 c:/program files (x86)/cypress/psoc creator/3.3/psoc creator/import/gnu/arm/4.9.3/bin/../lib/gcc/arm-none-eabi/4.9.3/armv6-m\libgcc.a(ledf2.o)
 .debug_frame   0x000012bc       0x20 c:/program files (x86)/cypress/psoc creator/3.3/psoc creator/import/gnu/arm/4.9.3/bin/../lib/gcc/arm-none-eabi/4.9.3/../../../../arm-none-eabi/lib/armv6-m\libg_nano.a(lib_a-errno.o)
 .debug_frame   0x000012dc       0x28 c:/program files (x86)/cypress/psoc creator/3.3/psoc creator/import/gnu/arm/4.9.3/bin/../lib/gcc/arm-none-eabi/4.9.3/../../../../arm-none-eabi/lib/armv6-m\libg_nano.a(lib_a-exit.o)
 .debug_frame   0x00001304       0x2c c:/program files (x86)/cypress/psoc creator/3.3/psoc creator/import/gnu/arm/4.9.3/bin/../lib/gcc/arm-none-eabi/4.9.3/../../../../arm-none-eabi/lib/armv6-m\libg_nano.a(lib_a-init.o)
 .debug_frame   0x00001330       0x20 c:/program files (x86)/cypress/psoc creator/3.3/psoc creator/import/gnu/arm/4.9.3/bin/../lib/gcc/arm-none-eabi/4.9.3/../../../../arm-none-eabi/lib/armv6-m\libg_nano.a(lib_a-memset.o)

.debug_str      0x00000000     0x18e1
 *(.debug_str)
 .debug_str     0x00000000      0x296 .\CortexM0\ARM_GCC_493\Debug\main.o
                                0x2ec (size before relaxing)
 .debug_str     0x00000296       0x5b .\CortexM0\ARM_GCC_493\Debug\cymetadata.o
                                0x1c9 (size before relaxing)
 .debug_str     0x000002f1      0x149 .\CortexM0\ARM_GCC_493\Debug\Cm0Start.o
                                0x2f0 (size before relaxing)
 .debug_str     0x0000043a      0x16e .\CortexM0\ARM_GCC_493\Debug\RealFinal.a(cyfitter_cfg.o)
                                0x333 (size before relaxing)
 .debug_str     0x000005a8      0x1e9 .\CortexM0\ARM_GCC_493\Debug\RealFinal.a(PWM_1.o)
                                0x376 (size before relaxing)
 .debug_str     0x00000791      0x488 .\CortexM0\ARM_GCC_493\Debug\RealFinal.a(CyLib.o)
                                0x6e3 (size before relaxing)
 .debug_str     0x00000c19      0x6fc .\CortexM0\ARM_GCC_493\Debug\RealFinal.a(CyLFClk.o)
                                0x927 (size before relaxing)
 .debug_str     0x00001315       0xbf .\CortexM0\ARM_GCC_493\Debug\RealFinal.a(Servo_En_1.o)
                                0x254 (size before relaxing)
 .debug_str     0x000013d4       0x9b .\CortexM0\ARM_GCC_493\Debug\RealFinal.a(Servo_En_2.o)
                                0x254 (size before relaxing)
 .debug_str     0x0000146f       0x7d .\CortexM0\ARM_GCC_493\Debug\RealFinal.a(LED_3.o)
                                0x231 (size before relaxing)
 .debug_str     0x000014ec       0x7d .\CortexM0\ARM_GCC_493\Debug\RealFinal.a(LED_2.o)
                                0x231 (size before relaxing)
 .debug_str     0x00001569       0x7d .\CortexM0\ARM_GCC_493\Debug\RealFinal.a(LED_1.o)
                                0x231 (size before relaxing)
 .debug_str     0x000015e6      0x190 .\CortexM0\ARM_GCC_493\Debug\RealFinal.a(Countdown.o)
                                0x372 (size before relaxing)
 .debug_str     0x00001776      0x16b .\CortexM0\ARM_GCC_493\Debug\RealFinal.a(timer_interrupt.o)
                                0x365 (size before relaxing)

.debug_loc      0x00000000     0x1a2e
 *(.debug_loc)
 .debug_loc     0x00000000       0xf0 .\CortexM0\ARM_GCC_493\Debug\main.o
 .debug_loc     0x000000f0      0x14f .\CortexM0\ARM_GCC_493\Debug\Cm0Start.o
 .debug_loc     0x0000023f      0x118 .\CortexM0\ARM_GCC_493\Debug\RealFinal.a(cyfitter_cfg.o)
 .debug_loc     0x00000357       0x26 .\CortexM0\ARM_GCC_493\Debug\RealFinal.a(PWM_1.o)
 .debug_loc     0x0000037d      0x53e .\CortexM0\ARM_GCC_493\Debug\RealFinal.a(CyLib.o)
 .debug_loc     0x000008bb      0xdb4 .\CortexM0\ARM_GCC_493\Debug\RealFinal.a(CyLFClk.o)
 .debug_loc     0x0000166f       0xa2 .\CortexM0\ARM_GCC_493\Debug\RealFinal.a(Servo_En_1.o)
 .debug_loc     0x00001711       0xa2 .\CortexM0\ARM_GCC_493\Debug\RealFinal.a(Servo_En_2.o)
 .debug_loc     0x000017b3       0xa2 .\CortexM0\ARM_GCC_493\Debug\RealFinal.a(LED_3.o)
 .debug_loc     0x00001855       0xa2 .\CortexM0\ARM_GCC_493\Debug\RealFinal.a(LED_2.o)
 .debug_loc     0x000018f7       0xa2 .\CortexM0\ARM_GCC_493\Debug\RealFinal.a(LED_1.o)
 .debug_loc     0x00001999       0x13 .\CortexM0\ARM_GCC_493\Debug\RealFinal.a(Countdown.o)
 .debug_loc     0x000019ac       0x82 .\CortexM0\ARM_GCC_493\Debug\RealFinal.a(timer_interrupt.o)

.debug_macinfo
 *(.debug_macinfo)

.debug_ranges   0x00000000      0x638
 *(.debug_ranges)
 .debug_ranges  0x00000000       0x28 .\CortexM0\ARM_GCC_493\Debug\main.o
 .debug_ranges  0x00000028       0x38 .\CortexM0\ARM_GCC_493\Debug\Cm0Start.o
 .debug_ranges  0x00000060       0x30 .\CortexM0\ARM_GCC_493\Debug\RealFinal.a(cyfitter_cfg.o)
 .debug_ranges  0x00000090       0x98 .\CortexM0\ARM_GCC_493\Debug\RealFinal.a(PWM_1.o)
 .debug_ranges  0x00000128      0x190 .\CortexM0\ARM_GCC_493\Debug\RealFinal.a(CyLib.o)
 .debug_ranges  0x000002b8      0x178 .\CortexM0\ARM_GCC_493\Debug\RealFinal.a(CyLFClk.o)
 .debug_ranges  0x00000430       0x38 .\CortexM0\ARM_GCC_493\Debug\RealFinal.a(Servo_En_1.o)
 .debug_ranges  0x00000468       0x38 .\CortexM0\ARM_GCC_493\Debug\RealFinal.a(Servo_En_2.o)
 .debug_ranges  0x000004a0       0x38 .\CortexM0\ARM_GCC_493\Debug\RealFinal.a(LED_3.o)
 .debug_ranges  0x000004d8       0x38 .\CortexM0\ARM_GCC_493\Debug\RealFinal.a(LED_2.o)
 .debug_ranges  0x00000510       0x38 .\CortexM0\ARM_GCC_493\Debug\RealFinal.a(LED_1.o)
 .debug_ranges  0x00000548       0x80 .\CortexM0\ARM_GCC_493\Debug\RealFinal.a(Countdown.o)
 .debug_ranges  0x000005c8       0x70 .\CortexM0\ARM_GCC_493\Debug\RealFinal.a(timer_interrupt.o)

.comment        0x00000000       0x70
 .comment       0x00000000       0x70 .\CortexM0\ARM_GCC_493\Debug\main.o
                                 0x71 (size before relaxing)
 .comment       0x00000000       0x71 .\CortexM0\ARM_GCC_493\Debug\cymetadata.o
 .comment       0x00000000       0x71 .\CortexM0\ARM_GCC_493\Debug\Cm0Start.o
 .comment       0x00000000       0x71 .\CortexM0\ARM_GCC_493\Debug\RealFinal.a(cyfitter_cfg.o)
 .comment       0x00000000       0x71 .\CortexM0\ARM_GCC_493\Debug\RealFinal.a(PWM_1.o)
 .comment       0x00000000       0x71 .\CortexM0\ARM_GCC_493\Debug\RealFinal.a(CyLib.o)
 .comment       0x00000000       0x71 .\CortexM0\ARM_GCC_493\Debug\RealFinal.a(CyLFClk.o)
 .comment       0x00000000       0x71 .\CortexM0\ARM_GCC_493\Debug\RealFinal.a(Servo_En_1.o)
 .comment       0x00000000       0x71 .\CortexM0\ARM_GCC_493\Debug\RealFinal.a(Servo_En_2.o)
 .comment       0x00000000       0x71 .\CortexM0\ARM_GCC_493\Debug\RealFinal.a(LED_3.o)
 .comment       0x00000000       0x71 .\CortexM0\ARM_GCC_493\Debug\RealFinal.a(LED_2.o)
 .comment       0x00000000       0x71 .\CortexM0\ARM_GCC_493\Debug\RealFinal.a(LED_1.o)
 .comment       0x00000000       0x71 .\CortexM0\ARM_GCC_493\Debug\RealFinal.a(Countdown.o)
 .comment       0x00000000       0x71 .\CortexM0\ARM_GCC_493\Debug\RealFinal.a(timer_interrupt.o)

.debug_weaknames
 *(.debug_weaknames)

.debug_funcnames
 *(.debug_funcnames)

.debug_typenames
 *(.debug_typenames)

.debug_varnames
 *(.debug_varnames)

.note.gnu.arm.ident
 *(.note.gnu.arm.ident)

.ARM.attributes
                0x00000000       0x28
 *(.ARM.attributes)
 .ARM.attributes
                0x00000000       0x1e c:/program files (x86)/cypress/psoc creator/3.3/psoc creator/import/gnu/arm/4.9.3/bin/../lib/gcc/arm-none-eabi/4.9.3/armv6-m/crti.o
 .ARM.attributes
                0x0000001e       0x2c c:/program files (x86)/cypress/psoc creator/3.3/psoc creator/import/gnu/arm/4.9.3/bin/../lib/gcc/arm-none-eabi/4.9.3/armv6-m/crtbegin.o
 .ARM.attributes
                0x0000004a       0x1b c:/program files (x86)/cypress/psoc creator/3.3/psoc creator/import/gnu/arm/4.9.3/bin/../lib/gcc/arm-none-eabi/4.9.3/../../../../arm-none-eabi/lib/armv6-m/crt0.o
 .ARM.attributes
                0x00000065       0x31 .\CortexM0\ARM_GCC_493\Debug\main.o
 .ARM.attributes
                0x00000096       0x31 .\CortexM0\ARM_GCC_493\Debug\cymetadata.o
 .ARM.attributes
                0x000000c7       0x31 .\CortexM0\ARM_GCC_493\Debug\Cm0Start.o
 .ARM.attributes
                0x000000f8       0x31 .\CortexM0\ARM_GCC_493\Debug\RealFinal.a(cyfitter_cfg.o)
 .ARM.attributes
                0x00000129       0x31 .\CortexM0\ARM_GCC_493\Debug\RealFinal.a(PWM_1.o)
 .ARM.attributes
                0x0000015a       0x21 .\CortexM0\ARM_GCC_493\Debug\RealFinal.a(CyBootAsmGnu.o)
 .ARM.attributes
                0x0000017b       0x31 .\CortexM0\ARM_GCC_493\Debug\RealFinal.a(CyLib.o)
 .ARM.attributes
                0x000001ac       0x31 .\CortexM0\ARM_GCC_493\Debug\RealFinal.a(CyLFClk.o)
 .ARM.attributes
                0x000001dd       0x31 .\CortexM0\ARM_GCC_493\Debug\RealFinal.a(Servo_En_1.o)
 .ARM.attributes
                0x0000020e       0x31 .\CortexM0\ARM_GCC_493\Debug\RealFinal.a(Servo_En_2.o)
 .ARM.attributes
                0x0000023f       0x31 .\CortexM0\ARM_GCC_493\Debug\RealFinal.a(LED_3.o)
 .ARM.attributes
                0x00000270       0x31 .\CortexM0\ARM_GCC_493\Debug\RealFinal.a(LED_2.o)
 .ARM.attributes
                0x000002a1       0x31 .\CortexM0\ARM_GCC_493\Debug\RealFinal.a(LED_1.o)
 .ARM.attributes
                0x000002d2       0x31 .\CortexM0\ARM_GCC_493\Debug\RealFinal.a(Countdown.o)
 .ARM.attributes
                0x00000303       0x31 .\CortexM0\ARM_GCC_493\Debug\RealFinal.a(timer_interrupt.o)
 .ARM.attributes
                0x00000334       0x1e c:/program files (x86)/cypress/psoc creator/3.3/psoc creator/import/gnu/arm/4.9.3/bin/../lib/gcc/arm-none-eabi/4.9.3/armv6-m\libgcc.a(_udivsi3.o)
 .ARM.attributes
                0x00000352       0x1e c:/program files (x86)/cypress/psoc creator/3.3/psoc creator/import/gnu/arm/4.9.3/bin/../lib/gcc/arm-none-eabi/4.9.3/armv6-m\libgcc.a(_divsi3.o)
 .ARM.attributes
                0x00000370       0x1e c:/program files (x86)/cypress/psoc creator/3.3/psoc creator/import/gnu/arm/4.9.3/bin/../lib/gcc/arm-none-eabi/4.9.3/armv6-m\libgcc.a(_dvmd_tls.o)
 .ARM.attributes
                0x0000038e       0x2c c:/program files (x86)/cypress/psoc creator/3.3/psoc creator/import/gnu/arm/4.9.3/bin/../lib/gcc/arm-none-eabi/4.9.3/armv6-m\libgcc.a(_fixunsdfsi.o)
 .ARM.attributes
                0x000003ba       0x2c c:/program files (x86)/cypress/psoc creator/3.3/psoc creator/import/gnu/arm/4.9.3/bin/../lib/gcc/arm-none-eabi/4.9.3/armv6-m\libgcc.a(adddf3.o)
 .ARM.attributes
                0x000003e6       0x2c c:/program files (x86)/cypress/psoc creator/3.3/psoc creator/import/gnu/arm/4.9.3/bin/../lib/gcc/arm-none-eabi/4.9.3/armv6-m\libgcc.a(divdf3.o)
 .ARM.attributes
                0x00000412       0x2c c:/program files (x86)/cypress/psoc creator/3.3/psoc creator/import/gnu/arm/4.9.3/bin/../lib/gcc/arm-none-eabi/4.9.3/armv6-m\libgcc.a(muldf3.o)
 .ARM.attributes
                0x0000043e       0x2c c:/program files (x86)/cypress/psoc creator/3.3/psoc creator/import/gnu/arm/4.9.3/bin/../lib/gcc/arm-none-eabi/4.9.3/armv6-m\libgcc.a(subdf3.o)
 .ARM.attributes
                0x0000046a       0x2c c:/program files (x86)/cypress/psoc creator/3.3/psoc creator/import/gnu/arm/4.9.3/bin/../lib/gcc/arm-none-eabi/4.9.3/armv6-m\libgcc.a(fixdfsi.o)
 .ARM.attributes
                0x00000496       0x2c c:/program files (x86)/cypress/psoc creator/3.3/psoc creator/import/gnu/arm/4.9.3/bin/../lib/gcc/arm-none-eabi/4.9.3/armv6-m\libgcc.a(floatsidf.o)
 .ARM.attributes
                0x000004c2       0x1e c:/program files (x86)/cypress/psoc creator/3.3/psoc creator/import/gnu/arm/4.9.3/bin/../lib/gcc/arm-none-eabi/4.9.3/armv6-m\libgcc.a(_arm_cmpdf2.o)
 .ARM.attributes
                0x000004e0       0x1e c:/program files (x86)/cypress/psoc creator/3.3/psoc creator/import/gnu/arm/4.9.3/bin/../lib/gcc/arm-none-eabi/4.9.3/armv6-m\libgcc.a(_clzsi2.o)
 .ARM.attributes
                0x000004fe       0x2c c:/program files (x86)/cypress/psoc creator/3.3/psoc creator/import/gnu/arm/4.9.3/bin/../lib/gcc/arm-none-eabi/4.9.3/armv6-m\libgcc.a(eqdf2.o)
 .ARM.attributes
                0x0000052a       0x2c c:/program files (x86)/cypress/psoc creator/3.3/psoc creator/import/gnu/arm/4.9.3/bin/../lib/gcc/arm-none-eabi/4.9.3/armv6-m\libgcc.a(gedf2.o)
 .ARM.attributes
                0x00000556       0x2c c:/program files (x86)/cypress/psoc creator/3.3/psoc creator/import/gnu/arm/4.9.3/bin/../lib/gcc/arm-none-eabi/4.9.3/armv6-m\libgcc.a(ledf2.o)
 .ARM.attributes
                0x00000582       0x2c c:/program files (x86)/cypress/psoc creator/3.3/psoc creator/import/gnu/arm/4.9.3/bin/../lib/gcc/arm-none-eabi/4.9.3/../../../../arm-none-eabi/lib/armv6-m\libg_nano.a(lib_a-errno.o)
 .ARM.attributes
                0x000005ae       0x2c c:/program files (x86)/cypress/psoc creator/3.3/psoc creator/import/gnu/arm/4.9.3/bin/../lib/gcc/arm-none-eabi/4.9.3/../../../../arm-none-eabi/lib/armv6-m\libg_nano.a(lib_a-exit.o)
 .ARM.attributes
                0x000005da       0x2c c:/program files (x86)/cypress/psoc creator/3.3/psoc creator/import/gnu/arm/4.9.3/bin/../lib/gcc/arm-none-eabi/4.9.3/../../../../arm-none-eabi/lib/armv6-m\libg_nano.a(lib_a-impure.o)
 .ARM.attributes
                0x00000606       0x2c c:/program files (x86)/cypress/psoc creator/3.3/psoc creator/import/gnu/arm/4.9.3/bin/../lib/gcc/arm-none-eabi/4.9.3/../../../../arm-none-eabi/lib/armv6-m\libg_nano.a(lib_a-init.o)
 .ARM.attributes
                0x00000632       0x2c c:/program files (x86)/cypress/psoc creator/3.3/psoc creator/import/gnu/arm/4.9.3/bin/../lib/gcc/arm-none-eabi/4.9.3/../../../../arm-none-eabi/lib/armv6-m\libg_nano.a(lib_a-memset.o)
 .ARM.attributes
                0x0000065e       0x2c c:/program files (x86)/cypress/psoc creator/3.3/psoc creator/import/gnu/arm/4.9.3/bin/../lib/gcc/arm-none-eabi/4.9.3/armv6-m/crtend.o
 .ARM.attributes
                0x0000068a       0x1e c:/program files (x86)/cypress/psoc creator/3.3/psoc creator/import/gnu/arm/4.9.3/bin/../lib/gcc/arm-none-eabi/4.9.3/armv6-m/crtn.o

/DISCARD/
 *(.note.GNU-stack)
OUTPUT(.\CortexM0\ARM_GCC_493\Debug\RealFinal.elf elf32-littlearm)
